2024-05-03 01:37:46,806 [DEBUG] [ecommerce-app] - Calculating shipping cost for order O817987
2024-06-07 23:57:21,589 [DEBUG] [ecommerce-app] - Fetching product P43822 details from database
2024-05-03 17:27:51,643 [ERROR] [ecommerce-app] - Failed to send confirmation email for order O504101
2024-05-07 21:54:13,114 [INFO] [ecommerce-app] - Payment processed successfully for order O968867
2024-05-07 06:59:51,296 [ERROR] [ecommerce-app] - Refund process failed for order O292829
2024-05-22 19:05:55,166 [INFO] [ecommerce-app] - Shipment created for order O606276
2024-05-22 15:16:15,233 [INFO] [ecommerce-app] - Inventory updated for product P42142
2024-06-04 09:12:13,459 [INFO] [ecommerce-app] - User U6955 updated profile information
2024-06-23 05:54:27,763 [ERROR] [ecommerce-app] - Failed to send confirmation email for order O762463
2024-06-26 16:31:17,895 [DEBUG] [ecommerce-app] - Retrying payment gateway connection for order O901187
2024-06-27 17:04:43,602 [DEBUG] [ecommerce-app] - Checking inventory availability for product P50647
2024-06-14 19:42:58,117 [ERROR] [ecommerce-app] - Shipping address validation failed for user U6350
2024-06-15 04:24:46,816 [DEBUG] [ecommerce-app] - Checking inventory availability for product P95741
2024-06-19 07:36:00,735 [DEBUG] [ecommerce-app] - Checking inventory availability for product P46722
2024-05-28 08:29:46,242 [DEBUG] [ecommerce-app] - Checking inventory availability for product P73062
2024-06-04 14:26:21,196 [INFO] [ecommerce-app] - User U3866 logged out
2024-06-08 14:38:55,118 [DEBUG] [ecommerce-app] - Generating order O190122 confirmation email
2024-05-14 00:10:04,560 [DEBUG] [ecommerce-app] - Checking inventory availability for product P93537
2024-05-02 12:53:55,318 [INFO] [ecommerce-app] - Shipment created for order O815865
2024-05-13 20:14:37,465 [ERROR] [ecommerce-app] - User authentication failed for user U3347
2024-06-05 17:38:51,013 [ERROR] [ecommerce-app] - Coupon code FREESHIP invalid for user U8020
2024-05-29 20:33:34,714 [DEBUG] [ecommerce-app] - Session S458361 refreshed
2024-06-03 22:16:11,367 [ERROR] [ecommerce-app] - Shipping address validation failed for user U2377
2024-06-05 17:43:50,243 [DEBUG] [ecommerce-app] - Session S239478 refreshed
2024-05-06 16:29:15,907 [DEBUG] [ecommerce-app] - Cache miss for user session S255908
2024-05-02 11:13:44,158 [DEBUG] [ecommerce-app] - Checking inventory availability for product P43923
2024-06-19 14:12:52,616 [DEBUG] [ecommerce-app] - Validating shipping address for user U2882
2024-05-17 08:02:38,526 [ERROR] [ecommerce-app] - Critical error: Unable to update inventory for product P33400
2024-06-04 09:25:22,941 [ERROR] [ecommerce-app] - Refund process failed for order O604368
2024-06-26 00:51:37,269 [ERROR] [ecommerce-app] - Failed to send confirmation email for order O216131
2024-06-28 01:14:50,242 [ERROR] [ecommerce-app] - Order O101649 placement failed for user U5704
2024-06-03 20:10:06,965 [DEBUG] [ecommerce-app] - Checking inventory availability for product P82297
2024-06-17 00:22:10,447 [DEBUG] [ecommerce-app] - Fetching product P71272 details from database
2024-06-18 13:20:53,138 [INFO] [ecommerce-app] - User U4114 logged out
2024-06-01 00:39:42,602 [ERROR] [ecommerce-app] - Payment gateway timeout for order O977951
2024-06-04 15:12:12,208 [DEBUG] [ecommerce-app] - Building recommendation list for user U3173
2024-06-15 17:25:02,442 [DEBUG] [ecommerce-app] - Checking inventory availability for product P75909
2024-05-12 20:33:22,311 [INFO] [ecommerce-app] - Product P70582 added to cart by user U7211
2024-06-30 07:03:04,066 [DEBUG] [ecommerce-app] - Checking inventory availability for product P52228
2024-05-29 20:58:08,393 [DEBUG] [ecommerce-app] - Session S785197 refreshed
2024-06-19 01:54:45,879 [INFO] [ecommerce-app] - Inventory updated for product P58810
2024-05-25 16:28:09,801 [DEBUG] [ecommerce-app] - Cache miss for user session S715230
2024-05-01 12:06:25,719 [DEBUG] [ecommerce-app] - Validating shipping address for user U9823
2024-05-04 06:57:08,656 [INFO] [ecommerce-app] - User U5431 logged out
2024-06-26 08:34:38,984 [DEBUG] [ecommerce-app] - Cache miss for user session S171712
2024-05-30 03:29:22,107 [ERROR] [ecommerce-app] - Coupon code SAVE10 invalid for user U9837
2024-06-15 09:14:27,364 [INFO] [ecommerce-app] - Discount coupon WELCOME5 applied by user U3857
2024-05-05 08:37:49,507 [ERROR] [ecommerce-app] - Database connection failed while fetching product P17290
2024-05-01 02:30:08,697 [ERROR] [ecommerce-app] - Failed to send confirmation email for order O300875
2024-06-14 07:03:50,518 [ERROR] [ecommerce-app] - Database connection failed while fetching product P67058
2024-05-29 16:27:56,497 [DEBUG] [ecommerce-app] - Fetching product P59375 details from database
2024-06-12 22:23:45,631 [ERROR] [ecommerce-app] - Database connection failed while fetching product P42447
2024-06-20 11:05:34,244 [INFO] [ecommerce-app] - Shipment created for order O297890
2024-06-18 22:13:54,313 [INFO] [ecommerce-app] - Shipment created for order O640727
2024-06-01 21:05:24,010 [ERROR] [ecommerce-app] - User authentication failed for user U2028
2024-05-22 11:10:26,268 [ERROR] [ecommerce-app] - Inventory mismatch error for product P79608
2024-05-24 09:53:11,708 [DEBUG] [ecommerce-app] - Retrying payment gateway connection for order O979210
2024-05-24 11:36:10,582 [ERROR] [ecommerce-app] - Critical error: Unable to update inventory for product P87247
2024-05-16 02:25:19,609 [DEBUG] [ecommerce-app] - Cache miss for user session S797460
2024-05-19 05:28:38,310 [ERROR] [ecommerce-app] - User authentication failed for user U7643
2024-06-02 17:53:39,534 [DEBUG] [ecommerce-app] - Generating order O211852 confirmation email
2024-05-21 23:12:43,193 [ERROR] [ecommerce-app] - User authentication failed for user U8675
2024-05-28 14:28:50,332 [ERROR] [ecommerce-app] - Payment gateway timeout for order O622099
2024-05-21 10:28:36,142 [DEBUG] [ecommerce-app] - Building recommendation list for user U2871
2024-06-13 17:38:43,448 [INFO] [ecommerce-app] - Order O745120 placed successfully by user U9130
2024-05-12 17:14:55,894 [ERROR] [ecommerce-app] - Payment gateway timeout for order O428970
2024-06-26 14:19:40,453 [INFO] [ecommerce-app] - Wishlist updated by user U1386
2024-05-17 16:21:51,753 [ERROR] [ecommerce-app] - Payment gateway timeout for order O656421
2024-06-16 05:59:14,567 [INFO] [ecommerce-app] - Shipment created for order O213389
2024-06-09 14:08:15,141 [ERROR] [ecommerce-app] - Payment gateway timeout for order O911765
2024-05-14 00:24:40,783 [ERROR] [ecommerce-app] - Payment gateway timeout for order O782883
2024-06-04 01:59:01,227 [DEBUG] [ecommerce-app] - Generating order O276711 confirmation email
2024-05-21 21:09:24,013 [INFO] [ecommerce-app] - Shipment created for order O505319
2024-06-23 03:12:32,719 [INFO] [ecommerce-app] - Shipment created for order O418235
2024-05-19 10:35:03,466 [ERROR] [ecommerce-app] - Shipping address validation failed for user U5101
2024-05-23 13:26:18,969 [INFO] [ecommerce-app] - Inventory updated for product P60915
2024-06-18 15:11:21,941 [DEBUG] [ecommerce-app] - Applying tax rules for order O454410
2024-05-09 11:38:23,258 [ERROR] [ecommerce-app] - Payment gateway timeout for order O217511
2024-06-01 02:34:40,640 [DEBUG] [ecommerce-app] - Building recommendation list for user U2229
2024-06-04 04:14:00,778 [DEBUG] [ecommerce-app] - Fetching product P92082 details from database
2024-06-28 21:32:17,540 [DEBUG] [ecommerce-app] - Cache miss for user session S842617
2024-05-11 04:40:30,863 [ERROR] [ecommerce-app] - Payment gateway timeout for order O978895
2024-05-04 10:27:51,162 [ERROR] [ecommerce-app] - Payment gateway timeout for order O400041
2024-05-29 23:07:50,261 [DEBUG] [ecommerce-app] - Session S562976 refreshed
2024-05-26 16:10:56,207 [ERROR] [ecommerce-app] - Critical error: Unable to update inventory for product P63985
2024-05-05 03:20:03,339 [ERROR] [ecommerce-app] - Database connection failed while fetching product P64630
2024-06-04 00:26:19,063 [ERROR] [ecommerce-app] - Coupon code DISCOUNT20 invalid for user U9676
2024-05-05 17:06:13,590 [DEBUG] [ecommerce-app] - Checking inventory availability for product P47510
2024-05-30 18:28:17,821 [DEBUG] [ecommerce-app] - Retrying payment gateway connection for order O467756
2024-06-18 02:08:54,286 [ERROR] [ecommerce-app] - Shipping address validation failed for user U5965
2024-06-21 07:33:00,941 [DEBUG] [ecommerce-app] - Retrying payment gateway connection for order O521580
2024-05-13 07:57:02,291 [DEBUG] [ecommerce-app] - Cache miss for user session S530117
2024-06-16 17:15:50,974 [ERROR] [ecommerce-app] - User authentication failed for user U6383
2024-06-19 23:35:46,789 [DEBUG] [ecommerce-app] - Checking inventory availability for product P43989
2024-05-20 05:43:08,451 [INFO] [ecommerce-app] - User U6749 logged out
2024-05-12 06:55:37,929 [DEBUG] [ecommerce-app] - Fetching product P71163 details from database
2024-06-13 17:52:19,115 [INFO] [ecommerce-app] - Order O271699 placed successfully by user U8525
2024-06-20 03:24:11,857 [INFO] [ecommerce-app] - Payment processed successfully for order O259805
2024-06-05 23:17:06,086 [DEBUG] [ecommerce-app] - Validating shipping address for user U2231
2024-05-25 23:28:06,754 [DEBUG] [ecommerce-app] - Validating shipping address for user U8439
2024-06-21 15:55:03,362 [INFO] [ecommerce-app] - User U8399 updated profile information
2024-06-20 19:20:39,272 [DEBUG] [ecommerce-app] - Retrying payment gateway connection for order O323750
2024-05-22 12:03:11,466 [DEBUG] [ecommerce-app] - Cache miss for user session S778732
2024-06-10 15:20:18,410 [DEBUG] [ecommerce-app] - Session S248422 refreshed
2024-06-08 12:51:25,726 [DEBUG] [ecommerce-app] - Applying tax rules for order O849267
2024-06-02 14:55:25,745 [DEBUG] [ecommerce-app] - Generating order O310654 confirmation email
2024-06-23 08:53:26,605 [ERROR] [ecommerce-app] - Order O324852 placement failed for user U9348
2024-06-29 16:57:50,537 [DEBUG] [ecommerce-app] - Validating shipping address for user U7405
2024-05-06 08:27:34,632 [DEBUG] [ecommerce-app] - Cache miss for user session S691958
2024-05-21 18:33:55,844 [ERROR] [ecommerce-app] - Refund process failed for order O971342
2024-05-20 09:09:51,716 [INFO] [ecommerce-app] - Shipment created for order O730213
2024-05-22 12:21:24,668 [INFO] [ecommerce-app] - User U8574 logged in successfully
2024-06-10 04:37:27,191 [INFO] [ecommerce-app] - Order O438274 placed successfully by user U7093
2024-06-17 09:12:43,348 [ERROR] [ecommerce-app] - User authentication failed for user U3731
2024-05-15 13:32:42,701 [INFO] [ecommerce-app] - User U9653 logged out
2024-06-20 21:37:33,778 [ERROR] [ecommerce-app] - Database connection failed while fetching product P24549
2024-06-14 17:34:40,296 [DEBUG] [ecommerce-app] - Checking inventory availability for product P11413
2024-05-30 13:44:16,393 [ERROR] [ecommerce-app] - Database connection failed while fetching product P25998
2024-06-09 12:04:29,011 [DEBUG] [ecommerce-app] - Session S973847 refreshed
2024-06-18 16:42:58,781 [ERROR] [ecommerce-app] - User authentication failed for user U1863
2024-05-18 09:15:07,731 [DEBUG] [ecommerce-app] - Validating shipping address for user U8711
2024-05-21 00:02:52,168 [ERROR] [ecommerce-app] - Refund process failed for order O966076
2024-06-12 23:40:07,361 [INFO] [ecommerce-app] - User U6497 logged out
2024-05-03 12:15:18,712 [INFO] [ecommerce-app] - User U2456 updated profile information
2024-06-18 12:22:25,970 [INFO] [ecommerce-app] - User U9241 updated profile information
2024-06-25 16:38:31,630 [INFO] [ecommerce-app] - User U5347 logged in successfully
2024-05-08 20:29:16,976 [DEBUG] [ecommerce-app] - Fetching product P58248 details from database
2024-05-16 17:40:54,568 [DEBUG] [ecommerce-app] - Retrying payment gateway connection for order O524380
2024-06-20 19:56:57,867 [ERROR] [ecommerce-app] - Database connection failed while fetching product P85491
2024-05-21 14:31:25,854 [ERROR] [ecommerce-app] - Shipping address validation failed for user U7980
2024-06-02 16:10:51,686 [ERROR] [ecommerce-app] - Critical error: Unable to update inventory for product P55459
2024-06-19 08:47:01,652 [ERROR] [ecommerce-app] - Inventory mismatch error for product P18417
2024-06-02 08:53:32,059 [ERROR] [ecommerce-app] - Failed to send confirmation email for order O948536
2024-06-03 17:20:19,386 [ERROR] [ecommerce-app] - Refund process failed for order O171057
2024-06-18 17:09:31,773 [ERROR] [ecommerce-app] - User authentication failed for user U5542
2024-06-27 10:32:17,174 [ERROR] [ecommerce-app] - User authentication failed for user U6760
2024-05-29 21:57:35,303 [DEBUG] [ecommerce-app] - Applying tax rules for order O625827
2024-06-13 10:41:06,213 [ERROR] [ecommerce-app] - Inventory mismatch error for product P67309
2024-05-01 03:38:32,939 [ERROR] [ecommerce-app] - Critical error: Unable to update inventory for product P63981
2024-05-05 06:45:51,523 [DEBUG] [ecommerce-app] - Calculating shipping cost for order O976562
2024-05-23 06:51:59,168 [ERROR] [ecommerce-app] - Critical error: Unable to update inventory for product P16898
2024-05-14 22:30:02,591 [DEBUG] [ecommerce-app] - Cache miss for user session S574201
2024-05-31 18:56:57,638 [INFO] [ecommerce-app] - User U9525 updated profile information
2024-05-28 19:34:47,030 [INFO] [ecommerce-app] - User U1357 updated profile information
2024-05-20 08:21:48,720 [ERROR] [ecommerce-app] - Payment gateway timeout for order O572852
2024-06-03 10:06:03,546 [ERROR] [ecommerce-app] - Coupon code FREESHIP invalid for user U5624
2024-06-16 10:12:18,063 [INFO] [ecommerce-app] - User U5386 updated profile information
2024-06-14 17:05:42,395 [DEBUG] [ecommerce-app] - Applying tax rules for order O662306
2024-05-25 04:37:58,712 [INFO] [ecommerce-app] - Payment processed successfully for order O227327
2024-05-14 22:26:54,715 [ERROR] [ecommerce-app] - Failed to send confirmation email for order O610494
2024-06-03 06:52:37,296 [DEBUG] [ecommerce-app] - Building recommendation list for user U8504
2024-05-17 08:53:26,724 [DEBUG] [ecommerce-app] - Retrying payment gateway connection for order O550513
2024-06-11 17:38:23,553 [DEBUG] [ecommerce-app] - Generating order O691483 confirmation email
2024-05-23 01:49:13,147 [INFO] [ecommerce-app] - User U6044 updated profile information
2024-05-17 02:30:09,203 [INFO] [ecommerce-app] - Wishlist updated by user U4854
2024-06-02 10:20:32,559 [ERROR] [ecommerce-app] - User authentication failed for user U1986
2024-06-09 18:18:27,103 [DEBUG] [ecommerce-app] - Retrying payment gateway connection for order O269438
2024-05-12 19:51:40,792 [DEBUG] [ecommerce-app] - Calculating shipping cost for order O688824
2024-05-09 03:28:02,473 [ERROR] [ecommerce-app] - Shipping address validation failed for user U2642
2024-06-22 11:13:37,549 [ERROR] [ecommerce-app] - User authentication failed for user U8176
2024-05-13 07:14:34,981 [INFO] [ecommerce-app] - User U9946 logged in successfully
2024-05-20 08:48:11,276 [DEBUG] [ecommerce-app] - Applying tax rules for order O577389
2024-05-03 09:23:57,112 [DEBUG] [ecommerce-app] - Session S836229 refreshed
2024-05-09 13:49:56,784 [DEBUG] [ecommerce-app] - Cache miss for user session S200927
2024-05-25 16:47:49,293 [ERROR] [ecommerce-app] - Failed to send confirmation email for order O829345
2024-06-16 20:48:02,803 [DEBUG] [ecommerce-app] - Cache miss for user session S660593
2024-05-22 03:03:01,067 [ERROR] [ecommerce-app] - Critical error: Unable to update inventory for product P83835
2024-05-16 16:35:32,956 [DEBUG] [ecommerce-app] - Calculating shipping cost for order O943858
2024-05-29 02:12:05,160 [ERROR] [ecommerce-app] - Failed to send confirmation email for order O100068
2024-05-23 12:07:33,355 [DEBUG] [ecommerce-app] - Session S434008 refreshed
2024-06-16 13:42:10,271 [DEBUG] [ecommerce-app] - Building recommendation list for user U5763
2024-05-20 00:40:33,075 [INFO] [ecommerce-app] - User U4268 logged out
2024-06-21 17:30:35,006 [ERROR] [ecommerce-app] - Shipping address validation failed for user U7480
2024-05-27 17:45:39,557 [INFO] [ecommerce-app] - Inventory updated for product P59049
2024-06-24 06:15:22,636 [DEBUG] [ecommerce-app] - Building recommendation list for user U7899
2024-06-14 22:42:42,664 [ERROR] [ecommerce-app] - Critical error: Unable to update inventory for product P51726
2024-06-22 11:44:00,533 [INFO] [ecommerce-app] - User U5161 logged in successfully
2024-05-10 18:01:43,870 [ERROR] [ecommerce-app] - Coupon code SAVE10 invalid for user U6888
2024-05-13 16:03:20,232 [INFO] [ecommerce-app] - User U5628 logged out
2024-06-27 03:06:45,593 [ERROR] [ecommerce-app] - Database connection failed while fetching product P91944
2024-06-09 07:44:40,549 [ERROR] [ecommerce-app] - Critical error: Unable to update inventory for product P93104
2024-06-27 10:25:46,421 [INFO] [ecommerce-app] - Product P63630 added to cart by user U8124
2024-06-22 04:05:02,966 [DEBUG] [ecommerce-app] - Cache miss for user session S330636
2024-05-03 16:17:01,122 [INFO] [ecommerce-app] - User U4693 logged out
2024-06-01 06:08:12,299 [INFO] [ecommerce-app] - User U9542 logged out
2024-05-20 09:32:08,732 [DEBUG] [ecommerce-app] - Generating order O658760 confirmation email
2024-05-31 11:07:10,530 [DEBUG] [ecommerce-app] - Session S171039 refreshed
2024-05-07 23:59:24,801 [INFO] [ecommerce-app] - User U5392 logged in successfully
2024-05-02 12:38:16,496 [ERROR] [ecommerce-app] - Order O343191 placement failed for user U4869
2024-06-13 13:25:37,397 [INFO] [ecommerce-app] - User U8432 logged in successfully
2024-05-17 06:05:26,848 [ERROR] [ecommerce-app] - Order O876920 placement failed for user U2573
2024-05-12 15:50:53,188 [ERROR] [ecommerce-app] - User authentication failed for user U4811
2024-06-23 19:00:03,272 [ERROR] [ecommerce-app] - Database connection failed while fetching product P56575
2024-05-09 17:31:46,686 [ERROR] [ecommerce-app] - Failed to send confirmation email for order O147196
2024-05-10 18:52:03,975 [ERROR] [ecommerce-app] - Order O972915 placement failed for user U4512
2024-05-30 09:32:56,292 [INFO] [ecommerce-app] - User U3451 updated profile information
2024-06-16 09:25:13,213 [INFO] [ecommerce-app] - Wishlist updated by user U8388
2024-06-08 12:02:48,539 [DEBUG] [ecommerce-app] - Retrying payment gateway connection for order O572672
2024-06-04 14:43:54,154 [DEBUG] [ecommerce-app] - Building recommendation list for user U1722
2024-05-24 05:16:01,556 [INFO] [ecommerce-app] - Payment processed successfully for order O138516
2024-06-09 15:05:34,236 [INFO] [ecommerce-app] - Wishlist updated by user U3284
2024-05-01 03:05:44,026 [INFO] [ecommerce-app] - Shipment created for order O607796
2024-05-21 17:57:31,472 [DEBUG] [ecommerce-app] - Applying tax rules for order O438343
2024-05-23 05:08:53,095 [DEBUG] [ecommerce-app] - Calculating shipping cost for order O898508
2024-06-16 08:34:37,249 [ERROR] [ecommerce-app] - Database connection failed while fetching product P97151
2024-05-05 03:18:20,235 [INFO] [ecommerce-app] - Order O677604 placed successfully by user U4789
2024-06-07 13:29:42,704 [ERROR] [ecommerce-app] - User authentication failed for user U6321
2024-05-21 14:41:50,609 [ERROR] [ecommerce-app] - Database connection failed while fetching product P55354
2024-06-23 18:25:16,186 [INFO] [ecommerce-app] - Order O834768 placed successfully by user U6990
2024-06-01 21:06:10,134 [DEBUG] [ecommerce-app] - Calculating shipping cost for order O375666
2024-05-10 15:35:06,656 [ERROR] [ecommerce-app] - Failed to send confirmation email for order O549674
2024-05-14 18:32:03,198 [ERROR] [ecommerce-app] - Coupon code SAVE10 invalid for user U4799
2024-05-08 05:22:58,589 [INFO] [ecommerce-app] - Shipment created for order O375104
2024-06-28 07:51:31,737 [INFO] [ecommerce-app] - Product P35144 added to cart by user U7442
2024-05-16 05:26:08,010 [INFO] [ecommerce-app] - User U6304 logged out
2024-06-11 08:00:48,010 [ERROR] [ecommerce-app] - Payment gateway timeout for order O546835
2024-05-01 19:43:07,874 [DEBUG] [ecommerce-app] - Retrying payment gateway connection for order O569599
2024-05-18 04:12:38,670 [DEBUG] [ecommerce-app] - Fetching product P72372 details from database
2024-05-25 03:45:54,034 [INFO] [ecommerce-app] - User U2704 logged in successfully
2024-05-14 20:56:30,767 [ERROR] [ecommerce-app] - Shipping address validation failed for user U9830
2024-05-19 06:17:22,504 [INFO] [ecommerce-app] - User U4491 updated profile information
2024-06-12 03:22:21,059 [INFO] [ecommerce-app] - Inventory updated for product P34949
2024-05-07 15:28:17,664 [DEBUG] [ecommerce-app] - Retrying payment gateway connection for order O611193
2024-05-02 06:51:32,858 [ERROR] [ecommerce-app] - Inventory mismatch error for product P38726
2024-05-06 10:44:55,430 [ERROR] [ecommerce-app] - Database connection failed while fetching product P87607
2024-06-06 07:36:49,938 [DEBUG] [ecommerce-app] - Cache miss for user session S424334
2024-05-10 12:08:38,249 [DEBUG] [ecommerce-app] - Building recommendation list for user U7709
2024-06-20 04:08:46,558 [INFO] [ecommerce-app] - Product P49627 added to cart by user U4046
2024-05-28 12:32:01,363 [DEBUG] [ecommerce-app] - Applying tax rules for order O773160
2024-05-30 11:14:01,729 [INFO] [ecommerce-app] - Inventory updated for product P51494
2024-06-02 15:04:30,653 [DEBUG] [ecommerce-app] - Calculating shipping cost for order O533294
2024-06-16 08:51:01,122 [ERROR] [ecommerce-app] - Coupon code WELCOME5 invalid for user U7898
2024-06-05 05:40:08,344 [ERROR] [ecommerce-app] - Database connection failed while fetching product P35019
2024-06-23 13:42:23,830 [ERROR] [ecommerce-app] - Shipping address validation failed for user U7892
2024-06-25 20:32:10,569 [ERROR] [ecommerce-app] - Inventory mismatch error for product P86026
2024-06-17 22:11:47,424 [DEBUG] [ecommerce-app] - Calculating shipping cost for order O240592
2024-05-14 19:50:12,833 [DEBUG] [ecommerce-app] - Session S196331 refreshed
2024-06-11 20:15:20,307 [ERROR] [ecommerce-app] - Shipping address validation failed for user U7360
2024-06-20 10:22:58,703 [ERROR] [ecommerce-app] - Inventory mismatch error for product P26161
2024-06-27 15:41:05,922 [INFO] [ecommerce-app] - Discount coupon FREESHIP applied by user U6442
2024-06-02 01:12:03,381 [ERROR] [ecommerce-app] - Order O725887 placement failed for user U1189
2024-06-05 21:07:00,159 [INFO] [ecommerce-app] - Order O252643 placed successfully by user U7602
2024-06-25 12:16:18,083 [INFO] [ecommerce-app] - Order O264100 placed successfully by user U2420
2024-05-13 02:38:02,939 [INFO] [ecommerce-app] - User U8295 logged out
2024-05-03 00:10:40,415 [ERROR] [ecommerce-app] - Failed to send confirmation email for order O313980
2024-05-13 23:21:48,798 [INFO] [ecommerce-app] - User U5557 logged in successfully
2024-05-06 12:43:47,494 [DEBUG] [ecommerce-app] - Checking inventory availability for product P11804
2024-06-25 16:58:59,273 [ERROR] [ecommerce-app] - Payment gateway timeout for order O466698
2024-06-28 03:45:51,087 [INFO] [ecommerce-app] - Payment processed successfully for order O555338
2024-05-16 01:26:08,642 [INFO] [ecommerce-app] - Product P65751 added to cart by user U3851
2024-05-03 10:48:33,954 [ERROR] [ecommerce-app] - Coupon code WELCOME5 invalid for user U7653
2024-05-21 02:04:36,900 [INFO] [ecommerce-app] - Shipment created for order O521043
2024-06-02 18:47:42,270 [INFO] [ecommerce-app] - Inventory updated for product P99472
2024-05-20 19:22:26,001 [DEBUG] [ecommerce-app] - Building recommendation list for user U6972
2024-05-10 11:49:27,087 [DEBUG] [ecommerce-app] - Generating order O122116 confirmation email
2024-05-13 08:42:40,257 [INFO] [ecommerce-app] - Product P21156 added to cart by user U3266
2024-05-22 03:09:57,448 [INFO] [ecommerce-app] - User U8051 logged out
2024-06-11 00:39:24,275 [ERROR] [ecommerce-app] - User authentication failed for user U4663
2024-06-21 05:30:12,213 [ERROR] [ecommerce-app] - Refund process failed for order O824585
2024-05-12 08:14:49,645 [ERROR] [ecommerce-app] - Payment gateway timeout for order O561359
2024-06-10 00:37:10,703 [ERROR] [ecommerce-app] - Payment gateway timeout for order O948279
2024-05-22 09:00:44,922 [INFO] [ecommerce-app] - Wishlist updated by user U3265
2024-06-24 21:44:33,133 [INFO] [ecommerce-app] - Discount coupon SAVE10 applied by user U4014
2024-05-30 03:22:46,261 [DEBUG] [ecommerce-app] - Cache miss for user session S317893
2024-05-12 20:23:15,207 [INFO] [ecommerce-app] - User U6642 logged out
2024-06-15 08:40:51,019 [INFO] [ecommerce-app] - Shipment created for order O272160
2024-05-12 03:13:46,830 [DEBUG] [ecommerce-app] - Calculating shipping cost for order O248158
2024-06-11 23:11:07,724 [ERROR] [ecommerce-app] - Refund process failed for order O694699
2024-05-26 07:09:28,496 [DEBUG] [ecommerce-app] - Session S664015 refreshed
2024-05-29 13:41:16,717 [ERROR] [ecommerce-app] - Payment gateway timeout for order O979543
2024-06-09 03:17:24,746 [INFO] [ecommerce-app] - Product P24635 added to cart by user U5550
2024-05-12 14:48:18,306 [INFO] [ecommerce-app] - User U2598 logged out
2024-05-25 22:34:00,288 [DEBUG] [ecommerce-app] - Checking inventory availability for product P39356
2024-06-05 15:33:58,334 [DEBUG] [ecommerce-app] - Fetching product P20939 details from database
2024-05-05 06:06:15,806 [INFO] [ecommerce-app] - Order O596206 placed successfully by user U1347
2024-05-17 20:31:33,552 [ERROR] [ecommerce-app] - User authentication failed for user U4843
2024-05-30 12:21:03,263 [DEBUG] [ecommerce-app] - Checking inventory availability for product P93016
2024-05-07 06:26:45,556 [INFO] [ecommerce-app] - User U1250 logged out
2024-06-05 07:23:19,617 [INFO] [ecommerce-app] - Order O734502 placed successfully by user U4086
2024-05-07 13:21:56,892 [INFO] [ecommerce-app] - Payment processed successfully for order O909487
2024-06-12 20:14:47,388 [INFO] [ecommerce-app] - Inventory updated for product P60834
2024-06-16 18:35:38,989 [ERROR] [ecommerce-app] - Inventory mismatch error for product P74242
2024-05-04 10:35:01,000 [ERROR] [ecommerce-app] - Payment gateway timeout for order O171636
2024-06-15 07:54:16,206 [INFO] [ecommerce-app] - Payment processed successfully for order O271520
2024-05-29 02:34:58,355 [DEBUG] [ecommerce-app] - Cache miss for user session S846999
2024-06-20 20:05:49,097 [DEBUG] [ecommerce-app] - Calculating shipping cost for order O996981
2024-05-19 05:29:56,112 [ERROR] [ecommerce-app] - Payment gateway timeout for order O818339
2024-06-24 21:17:34,390 [ERROR] [ecommerce-app] - Failed to send confirmation email for order O551507
2024-05-28 11:02:57,957 [INFO] [ecommerce-app] - Order O710313 placed successfully by user U2660
2024-05-08 11:36:08,498 [DEBUG] [ecommerce-app] - Session S465256 refreshed
2024-06-18 01:30:49,812 [DEBUG] [ecommerce-app] - Building recommendation list for user U4309
2024-05-22 04:04:03,477 [DEBUG] [ecommerce-app] - Cache miss for user session S768794
2024-06-08 12:07:13,051 [INFO] [ecommerce-app] - Order O610997 placed successfully by user U6398
2024-05-02 01:44:15,902 [ERROR] [ecommerce-app] - Failed to send confirmation email for order O796522
2024-05-03 00:55:34,882 [ERROR] [ecommerce-app] - Shipping address validation failed for user U3002
2024-06-16 12:11:58,277 [DEBUG] [ecommerce-app] - Session S343381 refreshed
2024-06-21 12:48:46,851 [DEBUG] [ecommerce-app] - Building recommendation list for user U8391
2024-05-05 18:34:14,148 [INFO] [ecommerce-app] - User U7577 logged out
2024-05-07 19:23:00,437 [ERROR] [ecommerce-app] - Refund process failed for order O850199
2024-06-29 02:06:53,044 [DEBUG] [ecommerce-app] - Fetching product P37165 details from database
2024-05-17 11:59:27,979 [ERROR] [ecommerce-app] - Refund process failed for order O189604
2024-05-14 18:28:57,681 [DEBUG] [ecommerce-app] - Building recommendation list for user U5852
2024-05-23 09:38:02,267 [DEBUG] [ecommerce-app] - Calculating shipping cost for order O169917
2024-05-24 16:30:01,887 [INFO] [ecommerce-app] - User U2687 logged in successfully
2024-05-16 07:35:19,617 [ERROR] [ecommerce-app] - Payment gateway timeout for order O745650
2024-05-02 02:33:14,585 [ERROR] [ecommerce-app] - User authentication failed for user U4979
2024-06-05 12:48:19,225 [DEBUG] [ecommerce-app] - Cache miss for user session S738311
2024-06-01 03:44:08,512 [DEBUG] [ecommerce-app] - Generating order O325611 confirmation email
2024-05-24 01:09:25,240 [DEBUG] [ecommerce-app] - Fetching product P62560 details from database
2024-05-12 19:58:15,118 [INFO] [ecommerce-app] - Order O520086 placed successfully by user U7731
2024-06-29 02:12:23,280 [ERROR] [ecommerce-app] - Inventory mismatch error for product P51643
2024-06-07 05:27:39,007 [DEBUG] [ecommerce-app] - Generating order O228557 confirmation email
2024-06-05 10:32:43,895 [ERROR] [ecommerce-app] - Critical error: Unable to update inventory for product P74643
2024-06-13 17:04:38,322 [DEBUG] [ecommerce-app] - Checking inventory availability for product P92176
2024-05-06 09:21:21,678 [ERROR] [ecommerce-app] - Failed to send confirmation email for order O183131
2024-06-20 05:07:12,828 [ERROR] [ecommerce-app] - Order O309256 placement failed for user U7646
2024-05-24 14:09:30,280 [INFO] [ecommerce-app] - User U6883 logged in successfully
2024-06-12 00:05:19,929 [ERROR] [ecommerce-app] - Shipping address validation failed for user U9567
2024-05-26 02:54:35,149 [INFO] [ecommerce-app] - Payment processed successfully for order O990919
2024-06-12 06:02:07,437 [DEBUG] [ecommerce-app] - Retrying payment gateway connection for order O462331
2024-06-15 04:53:54,794 [INFO] [ecommerce-app] - Shipment created for order O270340
2024-06-01 16:36:53,998 [DEBUG] [ecommerce-app] - Calculating shipping cost for order O536304
2024-05-20 20:07:12,271 [INFO] [ecommerce-app] - Product P58026 added to cart by user U8292
2024-05-14 23:47:07,581 [DEBUG] [ecommerce-app] - Generating order O223801 confirmation email
2024-05-08 21:02:04,274 [DEBUG] [ecommerce-app] - Session S166802 refreshed
2024-05-29 20:26:04,413 [INFO] [ecommerce-app] - Shipment created for order O634297
2024-06-02 14:35:19,586 [ERROR] [ecommerce-app] - Inventory mismatch error for product P28829
2024-05-12 13:10:36,390 [DEBUG] [ecommerce-app] - Applying tax rules for order O171331
2024-05-26 16:33:29,553 [DEBUG] [ecommerce-app] - Calculating shipping cost for order O460077
2024-05-11 01:09:28,575 [INFO] [ecommerce-app] - Order O881123 placed successfully by user U2897
2024-06-19 03:04:58,112 [ERROR] [ecommerce-app] - Failed to send confirmation email for order O830400
2024-06-25 10:43:08,604 [INFO] [ecommerce-app] - Wishlist updated by user U3299
2024-05-26 05:26:14,198 [ERROR] [ecommerce-app] - Order O264669 placement failed for user U2635
2024-05-25 02:43:52,336 [INFO] [ecommerce-app] - Shipment created for order O495203
2024-05-19 07:21:15,450 [DEBUG] [ecommerce-app] - Checking inventory availability for product P47708
2024-05-26 08:51:25,863 [ERROR] [ecommerce-app] - Coupon code SAVE10 invalid for user U1436
2024-06-09 01:11:01,049 [ERROR] [ecommerce-app] - Critical error: Unable to update inventory for product P15720
2024-06-01 10:07:08,518 [ERROR] [ecommerce-app] - Critical error: Unable to update inventory for product P12414
2024-06-23 19:40:49,231 [DEBUG] [ecommerce-app] - Fetching product P66360 details from database
2024-05-13 11:11:45,214 [ERROR] [ecommerce-app] - Shipping address validation failed for user U8766
2024-06-20 11:31:31,901 [ERROR] [ecommerce-app] - Critical error: Unable to update inventory for product P56315
2024-05-04 19:09:56,918 [INFO] [ecommerce-app] - Shipment created for order O901719
2024-05-04 21:37:34,256 [DEBUG] [ecommerce-app] - Cache miss for user session S627781
2024-06-04 10:35:08,805 [ERROR] [ecommerce-app] - Failed to send confirmation email for order O259390
2024-06-17 15:06:14,000 [INFO] [ecommerce-app] - Inventory updated for product P22693
2024-05-26 22:42:02,733 [ERROR] [ecommerce-app] - Database connection failed while fetching product P84542
2024-06-30 18:24:54,440 [DEBUG] [ecommerce-app] - Generating order O649825 confirmation email
2024-05-17 11:00:37,484 [ERROR] [ecommerce-app] - Shipping address validation failed for user U2100
2024-05-22 06:27:00,705 [INFO] [ecommerce-app] - User U7995 logged in successfully
2024-05-05 18:05:44,175 [DEBUG] [ecommerce-app] - Cache miss for user session S377138
2024-06-30 13:11:52,652 [INFO] [ecommerce-app] - Order O137367 placed successfully by user U1298
2024-05-02 10:37:20,181 [INFO] [ecommerce-app] - Inventory updated for product P31905
2024-06-18 02:47:06,209 [INFO] [ecommerce-app] - Product P11329 added to cart by user U1965
2024-05-09 01:15:55,553 [INFO] [ecommerce-app] - Inventory updated for product P22115
2024-06-16 17:49:24,065 [INFO] [ecommerce-app] - User U9687 logged out
2024-05-02 03:29:16,720 [DEBUG] [ecommerce-app] - Applying tax rules for order O288396
2024-05-20 19:33:02,711 [DEBUG] [ecommerce-app] - Cache miss for user session S782303
2024-06-02 02:00:43,583 [INFO] [ecommerce-app] - Discount coupon DISCOUNT20 applied by user U6970
2024-06-08 01:17:09,976 [INFO] [ecommerce-app] - Wishlist updated by user U8305
2024-06-10 03:46:09,535 [ERROR] [ecommerce-app] - Inventory mismatch error for product P90785
2024-05-26 21:19:43,484 [DEBUG] [ecommerce-app] - Calculating shipping cost for order O823913
2024-06-08 13:56:07,748 [ERROR] [ecommerce-app] - Critical error: Unable to update inventory for product P77507
2024-05-19 21:01:36,220 [INFO] [ecommerce-app] - Product P99863 added to cart by user U2752
2024-05-17 22:35:57,328 [ERROR] [ecommerce-app] - Failed to send confirmation email for order O206219
2024-06-29 19:34:44,245 [INFO] [ecommerce-app] - User U9144 updated profile information
2024-06-26 14:35:30,200 [INFO] [ecommerce-app] - User U4505 updated profile information
2024-05-20 07:38:43,623 [DEBUG] [ecommerce-app] - Applying tax rules for order O651173
2024-05-18 16:19:52,280 [ERROR] [ecommerce-app] - Shipping address validation failed for user U5585
2024-05-28 00:15:48,164 [INFO] [ecommerce-app] - Product P93550 added to cart by user U8103
2024-06-22 16:35:24,671 [ERROR] [ecommerce-app] - Failed to send confirmation email for order O567636
2024-06-21 21:24:43,058 [ERROR] [ecommerce-app] - Order O589888 placement failed for user U1691
2024-05-20 10:14:39,395 [ERROR] [ecommerce-app] - User authentication failed for user U9592
2024-05-03 14:00:57,142 [DEBUG] [ecommerce-app] - Session S724595 refreshed
2024-05-09 15:24:39,769 [DEBUG] [ecommerce-app] - Fetching product P94401 details from database
2024-06-05 15:24:32,524 [INFO] [ecommerce-app] - Payment processed successfully for order O389385
2024-05-01 20:37:37,492 [INFO] [ecommerce-app] - User U9830 updated profile information
2024-06-29 11:08:32,687 [INFO] [ecommerce-app] - User U2404 logged in successfully
2024-06-27 12:32:46,594 [DEBUG] [ecommerce-app] - Building recommendation list for user U7821
2024-05-27 02:11:13,807 [INFO] [ecommerce-app] - Wishlist updated by user U5225
2024-06-09 09:38:05,607 [INFO] [ecommerce-app] - Inventory updated for product P56454
2024-06-11 07:29:24,792 [ERROR] [ecommerce-app] - Failed to send confirmation email for order O901694
2024-06-22 18:14:53,632 [DEBUG] [ecommerce-app] - Generating order O174114 confirmation email
2024-06-04 19:25:14,052 [ERROR] [ecommerce-app] - Shipping address validation failed for user U8988
2024-05-10 08:05:26,273 [ERROR] [ecommerce-app] - Payment gateway timeout for order O862731
2024-06-11 23:24:11,106 [DEBUG] [ecommerce-app] - Generating order O156337 confirmation email
2024-05-29 18:39:32,777 [INFO] [ecommerce-app] - Inventory updated for product P57903
2024-05-29 17:32:48,046 [INFO] [ecommerce-app] - User U5644 logged out
2024-06-27 16:59:07,248 [ERROR] [ecommerce-app] - Refund process failed for order O335066
2024-05-01 13:25:56,267 [ERROR] [ecommerce-app] - Failed to send confirmation email for order O326436
2024-05-11 20:38:53,690 [INFO] [ecommerce-app] - Shipment created for order O513018
2024-06-17 14:16:38,087 [ERROR] [ecommerce-app] - User authentication failed for user U6171
2024-05-06 06:27:38,828 [DEBUG] [ecommerce-app] - Fetching product P29244 details from database
2024-05-11 14:35:16,248 [ERROR] [ecommerce-app] - Inventory mismatch error for product P15047
2024-06-07 22:22:58,859 [DEBUG] [ecommerce-app] - Cache miss for user session S543939
2024-06-03 17:50:32,537 [INFO] [ecommerce-app] - Shipment created for order O815752
2024-06-14 04:56:24,798 [DEBUG] [ecommerce-app] - Fetching product P70166 details from database
2024-05-23 02:42:01,878 [DEBUG] [ecommerce-app] - Applying tax rules for order O182076
2024-06-26 11:05:22,176 [INFO] [ecommerce-app] - Wishlist updated by user U6004
2024-06-22 02:08:14,122 [DEBUG] [ecommerce-app] - Retrying payment gateway connection for order O307544
2024-05-30 16:17:51,965 [INFO] [ecommerce-app] - User U3828 updated profile information
2024-06-04 14:25:47,402 [INFO] [ecommerce-app] - Order O253096 placed successfully by user U9378
2024-05-02 14:00:36,382 [DEBUG] [ecommerce-app] - Fetching product P73550 details from database
2024-05-11 15:25:09,601 [INFO] [ecommerce-app] - Product P20825 added to cart by user U5509
2024-05-06 20:26:51,054 [ERROR] [ecommerce-app] - Database connection failed while fetching product P77800
2024-05-23 01:14:37,967 [DEBUG] [ecommerce-app] - Calculating shipping cost for order O286702
2024-05-26 22:37:52,803 [DEBUG] [ecommerce-app] - Validating shipping address for user U1776
2024-05-03 10:50:38,964 [ERROR] [ecommerce-app] - Failed to send confirmation email for order O932762
2024-06-28 06:02:13,625 [DEBUG] [ecommerce-app] - Generating order O143811 confirmation email
2024-06-10 05:40:34,421 [INFO] [ecommerce-app] - User U1099 logged in successfully
2024-06-06 00:17:00,390 [ERROR] [ecommerce-app] - Coupon code SAVE10 invalid for user U8213
2024-05-04 16:28:01,051 [ERROR] [ecommerce-app] - Refund process failed for order O108255
2024-05-10 20:15:31,959 [ERROR] [ecommerce-app] - Refund process failed for order O934440
2024-06-01 23:21:49,444 [INFO] [ecommerce-app] - User U1727 updated profile information
2024-06-05 08:36:03,920 [DEBUG] [ecommerce-app] - Generating order O860950 confirmation email
2024-06-11 23:42:13,300 [INFO] [ecommerce-app] - User U5743 logged in successfully
2024-05-01 01:43:49,008 [ERROR] [ecommerce-app] - Failed to send confirmation email for order O781914
2024-06-04 16:34:36,950 [ERROR] [ecommerce-app] - Payment gateway timeout for order O319370
2024-05-24 01:58:03,592 [INFO] [ecommerce-app] - User U1209 logged out
2024-05-25 15:34:35,137 [INFO] [ecommerce-app] - User U1488 updated profile information
2024-06-18 08:36:29,632 [INFO] [ecommerce-app] - Product P63211 added to cart by user U6365
2024-05-02 06:14:27,513 [INFO] [ecommerce-app] - Discount coupon DISCOUNT20 applied by user U2716
2024-05-09 19:32:20,116 [ERROR] [ecommerce-app] - Database connection failed while fetching product P75450
2024-06-27 08:56:36,392 [ERROR] [ecommerce-app] - Coupon code DISCOUNT20 invalid for user U9212
2024-05-13 23:15:02,937 [ERROR] [ecommerce-app] - Payment gateway timeout for order O445821
2024-05-31 10:12:29,195 [ERROR] [ecommerce-app] - Coupon code FREESHIP invalid for user U6854
2024-06-04 20:19:24,812 [INFO] [ecommerce-app] - Payment processed successfully for order O265163
2024-06-11 09:13:45,841 [DEBUG] [ecommerce-app] - Cache miss for user session S314378
2024-05-16 15:41:59,328 [DEBUG] [ecommerce-app] - Generating order O673652 confirmation email
2024-06-10 23:10:40,811 [INFO] [ecommerce-app] - Wishlist updated by user U8267
2024-06-05 08:41:01,545 [INFO] [ecommerce-app] - Shipment created for order O715284
2024-05-05 20:41:38,762 [INFO] [ecommerce-app] - Wishlist updated by user U8201
2024-06-12 02:43:22,098 [DEBUG] [ecommerce-app] - Generating order O198368 confirmation email
2024-05-29 07:17:34,724 [DEBUG] [ecommerce-app] - Fetching product P58775 details from database
2024-05-15 01:11:07,988 [DEBUG] [ecommerce-app] - Checking inventory availability for product P81323
2024-06-26 04:41:21,071 [INFO] [ecommerce-app] - Payment processed successfully for order O558267
2024-05-02 07:54:00,094 [INFO] [ecommerce-app] - Inventory updated for product P53141
2024-06-29 19:21:23,972 [INFO] [ecommerce-app] - Wishlist updated by user U3520
2024-05-30 08:57:37,937 [ERROR] [ecommerce-app] - Payment gateway timeout for order O955047
2024-06-11 17:48:29,953 [ERROR] [ecommerce-app] - Coupon code SAVE10 invalid for user U1586
2024-05-05 16:33:44,199 [DEBUG] [ecommerce-app] - Applying tax rules for order O642678
2024-06-01 01:37:42,341 [DEBUG] [ecommerce-app] - Validating shipping address for user U7542
2024-05-28 14:49:44,627 [INFO] [ecommerce-app] - Payment processed successfully for order O786457
2024-06-19 09:28:49,825 [DEBUG] [ecommerce-app] - Session S492334 refreshed
2024-05-26 23:17:51,906 [INFO] [ecommerce-app] - Shipment created for order O103669
2024-05-30 00:08:19,677 [DEBUG] [ecommerce-app] - Validating shipping address for user U3976
2024-05-24 23:44:28,726 [DEBUG] [ecommerce-app] - Cache miss for user session S847811
2024-06-06 03:37:45,661 [DEBUG] [ecommerce-app] - Generating order O790284 confirmation email
2024-05-01 02:20:31,446 [ERROR] [ecommerce-app] - Inventory mismatch error for product P85199
2024-05-31 13:16:39,650 [ERROR] [ecommerce-app] - Coupon code SAVE10 invalid for user U3630
2024-06-11 18:08:51,532 [ERROR] [ecommerce-app] - Database connection failed while fetching product P81090
2024-06-14 14:14:42,438 [DEBUG] [ecommerce-app] - Cache miss for user session S695911
2024-05-06 07:58:01,775 [ERROR] [ecommerce-app] - Coupon code FREESHIP invalid for user U2300
2024-05-15 09:09:50,982 [ERROR] [ecommerce-app] - Inventory mismatch error for product P42212
2024-05-07 07:54:59,453 [DEBUG] [ecommerce-app] - Retrying payment gateway connection for order O866516
2024-06-16 20:21:22,663 [ERROR] [ecommerce-app] - Failed to send confirmation email for order O972304
2024-05-13 07:17:43,322 [INFO] [ecommerce-app] - Order O111557 placed successfully by user U4133
2024-05-29 09:34:28,783 [INFO] [ecommerce-app] - User U8088 updated profile information
2024-05-19 22:23:04,315 [INFO] [ecommerce-app] - Wishlist updated by user U8067
2024-05-21 13:39:06,903 [ERROR] [ecommerce-app] - User authentication failed for user U3863
2024-06-22 07:35:27,350 [ERROR] [ecommerce-app] - Coupon code SAVE10 invalid for user U7891
2024-05-11 13:41:05,776 [INFO] [ecommerce-app] - Shipment created for order O888274
2024-06-03 12:29:02,019 [DEBUG] [ecommerce-app] - Calculating shipping cost for order O927686
2024-06-19 05:47:29,858 [DEBUG] [ecommerce-app] - Calculating shipping cost for order O482949
2024-05-17 07:14:46,901 [DEBUG] [ecommerce-app] - Validating shipping address for user U2175
2024-06-14 19:26:15,900 [INFO] [ecommerce-app] - Inventory updated for product P14006
2024-05-15 03:54:04,791 [DEBUG] [ecommerce-app] - Retrying payment gateway connection for order O284027
2024-06-03 23:14:07,508 [ERROR] [ecommerce-app] - Order O947577 placement failed for user U9565
2024-06-15 15:01:44,422 [DEBUG] [ecommerce-app] - Building recommendation list for user U2825
2024-05-28 04:47:37,246 [DEBUG] [ecommerce-app] - Session S684988 refreshed
2024-06-22 00:40:41,621 [ERROR] [ecommerce-app] - Coupon code WELCOME5 invalid for user U3357
2024-05-13 09:50:23,634 [ERROR] [ecommerce-app] - Order O868520 placement failed for user U8081
2024-05-14 17:45:37,104 [DEBUG] [ecommerce-app] - Applying tax rules for order O344731
2024-05-06 11:34:27,720 [DEBUG] [ecommerce-app] - Fetching product P72300 details from database
2024-06-24 12:19:58,589 [DEBUG] [ecommerce-app] - Cache miss for user session S855219
2024-05-30 00:04:58,222 [ERROR] [ecommerce-app] - Order O992995 placement failed for user U3938
2024-06-24 02:53:33,293 [INFO] [ecommerce-app] - User U2944 logged in successfully
2024-06-07 06:58:45,163 [INFO] [ecommerce-app] - Shipment created for order O339735
2024-06-12 12:15:12,182 [DEBUG] [ecommerce-app] - Fetching product P82355 details from database
2024-06-10 12:12:38,664 [ERROR] [ecommerce-app] - Coupon code SAVE10 invalid for user U7251
2024-05-09 22:59:28,244 [ERROR] [ecommerce-app] - Refund process failed for order O655446
2024-06-14 01:11:20,645 [DEBUG] [ecommerce-app] - Validating shipping address for user U8213
2024-06-02 13:34:00,869 [ERROR] [ecommerce-app] - Inventory mismatch error for product P86037
2024-06-07 18:34:52,415 [DEBUG] [ecommerce-app] - Validating shipping address for user U1268
2024-05-22 01:36:30,456 [DEBUG] [ecommerce-app] - Checking inventory availability for product P42628
2024-05-29 09:09:19,179 [INFO] [ecommerce-app] - Discount coupon DISCOUNT20 applied by user U6266
2024-05-09 13:31:18,994 [DEBUG] [ecommerce-app] - Building recommendation list for user U2113
2024-05-16 02:31:19,081 [DEBUG] [ecommerce-app] - Checking inventory availability for product P50292
2024-05-12 17:08:11,180 [DEBUG] [ecommerce-app] - Session S146315 refreshed
2024-06-22 21:23:49,586 [DEBUG] [ecommerce-app] - Fetching product P20641 details from database
2024-05-29 02:13:51,786 [ERROR] [ecommerce-app] - User authentication failed for user U5720
2024-05-27 22:55:53,607 [DEBUG] [ecommerce-app] - Calculating shipping cost for order O706805
2024-05-03 22:19:24,805 [ERROR] [ecommerce-app] - User authentication failed for user U6100
2024-05-21 20:23:25,855 [DEBUG] [ecommerce-app] - Fetching product P48345 details from database
2024-06-25 00:31:37,339 [DEBUG] [ecommerce-app] - Fetching product P41976 details from database
2024-06-02 13:47:01,738 [DEBUG] [ecommerce-app] - Building recommendation list for user U4821
2024-06-14 19:14:28,811 [DEBUG] [ecommerce-app] - Generating order O485639 confirmation email
2024-06-16 16:41:15,621 [DEBUG] [ecommerce-app] - Validating shipping address for user U3140
2024-05-04 00:45:27,130 [ERROR] [ecommerce-app] - Coupon code WELCOME5 invalid for user U8096
2024-05-31 17:09:49,001 [ERROR] [ecommerce-app] - Failed to send confirmation email for order O532608
2024-05-03 19:43:09,598 [INFO] [ecommerce-app] - User U2365 logged in successfully
2024-05-19 18:54:20,947 [ERROR] [ecommerce-app] - User authentication failed for user U5370
2024-05-18 19:06:18,120 [INFO] [ecommerce-app] - Shipment created for order O612679
2024-05-25 22:07:46,354 [ERROR] [ecommerce-app] - User authentication failed for user U2022
2024-05-04 17:56:29,477 [ERROR] [ecommerce-app] - User authentication failed for user U8528
2024-06-13 19:52:02,739 [ERROR] [ecommerce-app] - Database connection failed while fetching product P34708
2024-05-01 21:59:39,723 [DEBUG] [ecommerce-app] - Validating shipping address for user U4407
2024-05-13 01:52:46,929 [DEBUG] [ecommerce-app] - Validating shipping address for user U1927
2024-05-11 18:34:25,215 [DEBUG] [ecommerce-app] - Retrying payment gateway connection for order O981130
2024-05-21 12:16:26,940 [ERROR] [ecommerce-app] - Payment gateway timeout for order O894331
2024-05-22 02:39:12,158 [DEBUG] [ecommerce-app] - Validating shipping address for user U6619
2024-05-14 05:00:33,278 [DEBUG] [ecommerce-app] - Session S597733 refreshed
2024-06-19 03:55:40,622 [DEBUG] [ecommerce-app] - Calculating shipping cost for order O250288
2024-05-15 14:06:56,727 [DEBUG] [ecommerce-app] - Building recommendation list for user U9301
2024-05-22 07:36:28,219 [ERROR] [ecommerce-app] - Shipping address validation failed for user U9427
2024-05-22 19:53:56,366 [INFO] [ecommerce-app] - Payment processed successfully for order O541196
2024-05-27 04:12:06,429 [DEBUG] [ecommerce-app] - Applying tax rules for order O269541
2024-06-26 17:05:15,656 [INFO] [ecommerce-app] - User U6679 logged out
2024-06-12 13:21:11,293 [DEBUG] [ecommerce-app] - Validating shipping address for user U2422
2024-05-31 19:16:15,864 [ERROR] [ecommerce-app] - User authentication failed for user U3622
2024-06-25 00:59:42,366 [DEBUG] [ecommerce-app] - Calculating shipping cost for order O447528
2024-05-12 07:31:10,571 [INFO] [ecommerce-app] - Shipment created for order O476381
2024-06-20 08:00:32,981 [INFO] [ecommerce-app] - Payment processed successfully for order O861508
2024-06-24 10:25:00,845 [INFO] [ecommerce-app] - Wishlist updated by user U9352
2024-06-26 13:56:09,973 [DEBUG] [ecommerce-app] - Cache miss for user session S224979
2024-06-01 03:21:14,899 [ERROR] [ecommerce-app] - Coupon code DISCOUNT20 invalid for user U5440
2024-05-26 10:30:39,454 [ERROR] [ecommerce-app] - Critical error: Unable to update inventory for product P19937
2024-05-08 10:28:25,856 [DEBUG] [ecommerce-app] - Building recommendation list for user U6836
2024-05-19 15:01:16,547 [ERROR] [ecommerce-app] - Shipping address validation failed for user U9993
2024-05-29 22:53:55,837 [DEBUG] [ecommerce-app] - Retrying payment gateway connection for order O775713
2024-05-14 20:16:12,207 [ERROR] [ecommerce-app] - Refund process failed for order O367301
2024-05-13 08:54:08,735 [ERROR] [ecommerce-app] - Order O245862 placement failed for user U9997
2024-06-20 10:32:11,989 [INFO] [ecommerce-app] - Wishlist updated by user U3139
2024-06-21 20:11:45,793 [DEBUG] [ecommerce-app] - Validating shipping address for user U3920
2024-05-23 11:56:18,922 [DEBUG] [ecommerce-app] - Checking inventory availability for product P72850
2024-05-03 16:48:53,391 [INFO] [ecommerce-app] - Payment processed successfully for order O586530
2024-05-19 10:55:17,015 [ERROR] [ecommerce-app] - Shipping address validation failed for user U4936
2024-05-02 18:31:18,888 [DEBUG] [ecommerce-app] - Cache miss for user session S546387
2024-06-06 13:51:45,509 [DEBUG] [ecommerce-app] - Cache miss for user session S653557
2024-05-28 23:39:59,061 [DEBUG] [ecommerce-app] - Validating shipping address for user U5385
2024-06-09 18:51:53,655 [DEBUG] [ecommerce-app] - Calculating shipping cost for order O934573
2024-05-03 20:21:18,621 [INFO] [ecommerce-app] - User U6356 logged out
2024-05-24 01:53:18,895 [ERROR] [ecommerce-app] - Order O629318 placement failed for user U4139
2024-05-09 23:26:08,931 [ERROR] [ecommerce-app] - User authentication failed for user U4001
2024-06-21 03:12:35,948 [ERROR] [ecommerce-app] - User authentication failed for user U9502
2024-05-14 01:24:33,037 [INFO] [ecommerce-app] - Discount coupon FREESHIP applied by user U5628
2024-05-08 11:51:06,745 [INFO] [ecommerce-app] - User U5988 updated profile information
2024-06-30 03:53:27,310 [ERROR] [ecommerce-app] - Shipping address validation failed for user U2553
2024-05-16 06:19:26,320 [DEBUG] [ecommerce-app] - Applying tax rules for order O536957
2024-06-03 05:56:22,741 [INFO] [ecommerce-app] - Payment processed successfully for order O655181
2024-06-15 13:14:02,145 [ERROR] [ecommerce-app] - Order O545035 placement failed for user U4130
2024-05-27 15:45:39,447 [INFO] [ecommerce-app] - Payment processed successfully for order O615519
2024-06-21 12:35:28,290 [ERROR] [ecommerce-app] - Failed to send confirmation email for order O817294
2024-06-23 21:27:41,558 [INFO] [ecommerce-app] - User U3532 updated profile information
2024-06-02 23:32:28,635 [DEBUG] [ecommerce-app] - Fetching product P61859 details from database
2024-05-31 04:36:59,832 [DEBUG] [ecommerce-app] - Checking inventory availability for product P99866
2024-06-05 13:28:10,034 [INFO] [ecommerce-app] - User U7155 logged out
2024-06-18 16:57:54,711 [ERROR] [ecommerce-app] - Order O130173 placement failed for user U9299
2024-06-28 18:06:50,993 [INFO] [ecommerce-app] - Wishlist updated by user U6461
2024-05-02 03:25:54,666 [ERROR] [ecommerce-app] - Shipping address validation failed for user U5633
2024-05-19 16:25:12,108 [DEBUG] [ecommerce-app] - Cache miss for user session S719863
2024-05-01 06:00:57,099 [ERROR] [ecommerce-app] - Coupon code FREESHIP invalid for user U6580
2024-06-29 13:13:25,263 [INFO] [ecommerce-app] - Product P76211 added to cart by user U4097
2024-05-19 01:50:34,175 [INFO] [ecommerce-app] - Product P66473 added to cart by user U2697
2024-06-01 19:59:37,360 [DEBUG] [ecommerce-app] - Checking inventory availability for product P62529
2024-06-16 04:20:40,243 [ERROR] [ecommerce-app] - Database connection failed while fetching product P11773
2024-06-29 04:08:09,448 [INFO] [ecommerce-app] - Discount coupon SAVE10 applied by user U9241
2024-06-11 00:32:17,464 [ERROR] [ecommerce-app] - Critical error: Unable to update inventory for product P24819
2024-06-08 18:51:59,896 [ERROR] [ecommerce-app] - Refund process failed for order O840568
2024-06-26 18:14:26,677 [DEBUG] [ecommerce-app] - Applying tax rules for order O201512
2024-06-14 04:01:51,170 [ERROR] [ecommerce-app] - Failed to send confirmation email for order O661794
2024-05-31 08:02:20,414 [INFO] [ecommerce-app] - Payment processed successfully for order O839474
2024-05-31 15:04:24,807 [DEBUG] [ecommerce-app] - Calculating shipping cost for order O571206
2024-05-28 23:42:41,676 [ERROR] [ecommerce-app] - Payment gateway timeout for order O566265
2024-06-07 22:45:36,151 [INFO] [ecommerce-app] - Payment processed successfully for order O114861
2024-06-12 13:34:32,738 [INFO] [ecommerce-app] - User U2252 logged in successfully
2024-06-08 03:04:55,114 [ERROR] [ecommerce-app] - Inventory mismatch error for product P62226
2024-06-10 10:25:00,090 [ERROR] [ecommerce-app] - Shipping address validation failed for user U9143
2024-05-31 12:38:20,708 [INFO] [ecommerce-app] - Wishlist updated by user U3957
2024-06-20 22:30:34,685 [INFO] [ecommerce-app] - User U2512 updated profile information
2024-05-11 00:33:43,758 [DEBUG] [ecommerce-app] - Building recommendation list for user U1623
2024-05-17 09:19:18,622 [INFO] [ecommerce-app] - Shipment created for order O978161
2024-05-28 10:29:40,919 [INFO] [ecommerce-app] - User U7426 updated profile information
2024-05-23 23:40:58,017 [ERROR] [ecommerce-app] - User authentication failed for user U1858
2024-05-12 13:49:21,774 [INFO] [ecommerce-app] - Discount coupon WELCOME5 applied by user U6449
2024-06-24 06:03:19,456 [ERROR] [ecommerce-app] - Order O920020 placement failed for user U9949
2024-05-10 22:15:38,460 [ERROR] [ecommerce-app] - Refund process failed for order O798884
2024-06-22 03:16:44,953 [INFO] [ecommerce-app] - Order O802265 placed successfully by user U2472
2024-05-27 00:25:32,791 [INFO] [ecommerce-app] - User U5663 logged in successfully
2024-05-20 03:45:02,188 [INFO] [ecommerce-app] - User U5135 logged in successfully
2024-06-01 07:02:05,813 [INFO] [ecommerce-app] - User U5540 logged in successfully
2024-05-01 12:35:20,847 [DEBUG] [ecommerce-app] - Building recommendation list for user U2628
2024-05-11 11:55:03,390 [ERROR] [ecommerce-app] - Critical error: Unable to update inventory for product P49326
2024-05-22 18:49:44,829 [INFO] [ecommerce-app] - User U6651 updated profile information
2024-06-27 15:21:06,991 [INFO] [ecommerce-app] - Discount coupon FREESHIP applied by user U1027
2024-06-24 00:53:32,829 [INFO] [ecommerce-app] - User U7831 updated profile information
2024-05-10 07:52:04,125 [INFO] [ecommerce-app] - Wishlist updated by user U5804
2024-06-21 07:58:49,995 [DEBUG] [ecommerce-app] - Applying tax rules for order O997944
2024-05-26 20:42:02,082 [ERROR] [ecommerce-app] - Refund process failed for order O543874
2024-06-19 01:44:33,555 [DEBUG] [ecommerce-app] - Applying tax rules for order O174200
2024-06-01 01:15:35,856 [ERROR] [ecommerce-app] - Inventory mismatch error for product P38400
2024-05-30 08:45:06,425 [DEBUG] [ecommerce-app] - Validating shipping address for user U9794
2024-05-16 03:40:39,125 [INFO] [ecommerce-app] - Wishlist updated by user U4697
2024-06-22 08:25:12,548 [ERROR] [ecommerce-app] - Critical error: Unable to update inventory for product P91676
2024-05-04 22:45:45,020 [ERROR] [ecommerce-app] - Refund process failed for order O392136
2024-06-28 20:37:01,205 [ERROR] [ecommerce-app] - Refund process failed for order O126990
2024-05-26 05:43:51,796 [INFO] [ecommerce-app] - User U3476 updated profile information
2024-06-13 01:26:02,524 [ERROR] [ecommerce-app] - Refund process failed for order O857094
2024-06-23 04:10:13,270 [DEBUG] [ecommerce-app] - Applying tax rules for order O522898
2024-06-02 13:46:32,695 [ERROR] [ecommerce-app] - Coupon code FREESHIP invalid for user U3887
2024-05-19 06:43:57,211 [DEBUG] [ecommerce-app] - Checking inventory availability for product P63688
2024-05-09 22:23:36,291 [DEBUG] [ecommerce-app] - Fetching product P89519 details from database
2024-06-15 10:41:49,470 [DEBUG] [ecommerce-app] - Calculating shipping cost for order O265846
2024-06-10 15:10:38,282 [DEBUG] [ecommerce-app] - Applying tax rules for order O942737
2024-05-19 03:10:13,597 [DEBUG] [ecommerce-app] - Cache miss for user session S369129
2024-06-12 12:26:23,434 [ERROR] [ecommerce-app] - Refund process failed for order O715270
2024-05-06 06:39:58,207 [DEBUG] [ecommerce-app] - Retrying payment gateway connection for order O648592
2024-06-26 05:09:15,842 [ERROR] [ecommerce-app] - Database connection failed while fetching product P83531
2024-05-29 12:47:35,806 [ERROR] [ecommerce-app] - Inventory mismatch error for product P66222
2024-06-15 01:00:07,667 [INFO] [ecommerce-app] - Inventory updated for product P81419
2024-06-01 21:28:30,080 [DEBUG] [ecommerce-app] - Fetching product P52448 details from database
2024-06-01 11:41:05,255 [DEBUG] [ecommerce-app] - Retrying payment gateway connection for order O285802
2024-05-30 03:24:54,831 [ERROR] [ecommerce-app] - Payment gateway timeout for order O938108
2024-05-13 06:12:04,846 [INFO] [ecommerce-app] - User U4191 logged out
2024-05-25 20:03:50,913 [INFO] [ecommerce-app] - User U7793 logged in successfully
2024-06-07 02:41:48,192 [DEBUG] [ecommerce-app] - Building recommendation list for user U1722
2024-06-12 05:45:55,793 [DEBUG] [ecommerce-app] - Calculating shipping cost for order O132473
2024-06-24 05:04:38,187 [INFO] [ecommerce-app] - Shipment created for order O421779
2024-05-27 23:29:35,110 [INFO] [ecommerce-app] - Shipment created for order O619429
2024-05-29 11:32:57,273 [DEBUG] [ecommerce-app] - Generating order O805539 confirmation email
2024-05-04 23:32:34,450 [DEBUG] [ecommerce-app] - Retrying payment gateway connection for order O571927
2024-06-25 07:31:40,424 [DEBUG] [ecommerce-app] - Generating order O264936 confirmation email
2024-05-09 06:20:22,953 [ERROR] [ecommerce-app] - Critical error: Unable to update inventory for product P75589
2024-05-20 22:51:24,710 [INFO] [ecommerce-app] - Product P80554 added to cart by user U3470
2024-05-05 05:08:01,395 [ERROR] [ecommerce-app] - User authentication failed for user U2754
2024-05-16 19:18:21,924 [ERROR] [ecommerce-app] - Payment gateway timeout for order O676780
2024-05-31 03:30:50,169 [INFO] [ecommerce-app] - Payment processed successfully for order O600082
2024-06-28 17:14:54,948 [INFO] [ecommerce-app] - Discount coupon WELCOME5 applied by user U1094
2024-05-04 12:58:46,384 [DEBUG] [ecommerce-app] - Retrying payment gateway connection for order O107234
2024-05-27 16:24:17,263 [INFO] [ecommerce-app] - User U4386 logged in successfully
2024-06-09 22:11:03,888 [ERROR] [ecommerce-app] - Failed to send confirmation email for order O861675
2024-05-05 02:42:30,456 [DEBUG] [ecommerce-app] - Validating shipping address for user U2386
2024-06-28 01:42:44,001 [DEBUG] [ecommerce-app] - Cache miss for user session S767727
2024-05-19 18:34:58,395 [DEBUG] [ecommerce-app] - Retrying payment gateway connection for order O807614
2024-05-09 21:15:58,011 [INFO] [ecommerce-app] - User U2224 updated profile information
2024-06-14 19:21:02,838 [INFO] [ecommerce-app] - User U4523 logged out
2024-05-14 11:05:36,996 [DEBUG] [ecommerce-app] - Session S417091 refreshed
2024-06-27 19:37:03,586 [DEBUG] [ecommerce-app] - Building recommendation list for user U7507
2024-06-29 04:10:25,288 [DEBUG] [ecommerce-app] - Retrying payment gateway connection for order O393577
2024-05-12 07:03:43,731 [INFO] [ecommerce-app] - Product P24398 added to cart by user U1397
2024-05-23 08:38:18,091 [ERROR] [ecommerce-app] - Failed to send confirmation email for order O110781
2024-06-10 21:12:20,567 [DEBUG] [ecommerce-app] - Validating shipping address for user U6889
2024-05-19 06:34:17,743 [INFO] [ecommerce-app] - Payment processed successfully for order O333006
2024-05-09 19:19:24,313 [INFO] [ecommerce-app] - Order O625915 placed successfully by user U8489
2024-06-14 21:47:11,793 [DEBUG] [ecommerce-app] - Validating shipping address for user U9402
2024-06-05 17:05:06,005 [ERROR] [ecommerce-app] - Shipping address validation failed for user U4756
2024-06-09 14:42:08,021 [DEBUG] [ecommerce-app] - Session S266693 refreshed
2024-05-23 13:48:36,498 [INFO] [ecommerce-app] - Product P74937 added to cart by user U4126
2024-06-26 15:54:04,674 [DEBUG] [ecommerce-app] - Applying tax rules for order O528326
2024-05-28 03:22:32,878 [INFO] [ecommerce-app] - Payment processed successfully for order O930661
2024-05-27 11:13:07,790 [INFO] [ecommerce-app] - Order O962026 placed successfully by user U1788
2024-06-02 19:53:24,283 [DEBUG] [ecommerce-app] - Checking inventory availability for product P10828
2024-05-17 18:41:19,497 [ERROR] [ecommerce-app] - Order O816600 placement failed for user U3693
2024-05-24 15:42:37,403 [ERROR] [ecommerce-app] - Inventory mismatch error for product P27265
2024-06-01 19:16:58,608 [DEBUG] [ecommerce-app] - Generating order O504737 confirmation email
2024-06-04 07:10:57,689 [ERROR] [ecommerce-app] - Shipping address validation failed for user U9386
2024-05-30 22:16:47,571 [DEBUG] [ecommerce-app] - Generating order O752668 confirmation email
2024-06-13 07:19:14,478 [DEBUG] [ecommerce-app] - Cache miss for user session S593381
2024-05-14 07:08:24,987 [DEBUG] [ecommerce-app] - Building recommendation list for user U7983
2024-05-29 20:19:47,621 [DEBUG] [ecommerce-app] - Retrying payment gateway connection for order O932819
2024-05-01 11:37:55,705 [INFO] [ecommerce-app] - Wishlist updated by user U6969
2024-05-26 00:22:03,292 [DEBUG] [ecommerce-app] - Checking inventory availability for product P26417
2024-05-05 21:50:24,928 [DEBUG] [ecommerce-app] - Generating order O661257 confirmation email
2024-06-23 09:54:03,405 [DEBUG] [ecommerce-app] - Session S535540 refreshed
2024-06-12 12:02:06,674 [INFO] [ecommerce-app] - Product P30462 added to cart by user U8763
2024-05-05 13:49:24,630 [DEBUG] [ecommerce-app] - Applying tax rules for order O178951
2024-05-20 10:25:11,239 [ERROR] [ecommerce-app] - Shipping address validation failed for user U3054
2024-05-28 10:25:34,321 [INFO] [ecommerce-app] - User U7829 updated profile information
2024-05-04 01:01:37,480 [ERROR] [ecommerce-app] - Inventory mismatch error for product P65796
2024-06-12 16:34:56,296 [DEBUG] [ecommerce-app] - Applying tax rules for order O660161
2024-05-13 16:13:24,129 [ERROR] [ecommerce-app] - Coupon code WELCOME5 invalid for user U3716
2024-05-02 04:10:37,072 [ERROR] [ecommerce-app] - Payment gateway timeout for order O149886
2024-06-30 09:45:36,372 [DEBUG] [ecommerce-app] - Calculating shipping cost for order O838718
2024-06-20 21:03:29,406 [INFO] [ecommerce-app] - Discount coupon SAVE10 applied by user U5393
2024-06-17 08:00:37,683 [ERROR] [ecommerce-app] - User authentication failed for user U6931
2024-05-02 17:04:53,891 [INFO] [ecommerce-app] - User U9592 logged in successfully
2024-05-31 12:12:02,571 [ERROR] [ecommerce-app] - Critical error: Unable to update inventory for product P44790
2024-06-30 08:59:56,459 [INFO] [ecommerce-app] - Shipment created for order O860110
2024-06-26 13:48:10,951 [ERROR] [ecommerce-app] - Failed to send confirmation email for order O198275
2024-06-06 05:43:37,127 [INFO] [ecommerce-app] - Discount coupon WELCOME5 applied by user U3565
2024-05-18 13:50:29,490 [INFO] [ecommerce-app] - Discount coupon DISCOUNT20 applied by user U8577
2024-05-21 13:09:44,034 [ERROR] [ecommerce-app] - Payment gateway timeout for order O608791
2024-05-10 15:02:44,442 [DEBUG] [ecommerce-app] - Retrying payment gateway connection for order O429515
2024-05-16 17:09:17,358 [DEBUG] [ecommerce-app] - Fetching product P13819 details from database
2024-05-29 18:40:44,580 [DEBUG] [ecommerce-app] - Calculating shipping cost for order O984004
2024-06-03 09:31:20,239 [ERROR] [ecommerce-app] - Database connection failed while fetching product P38601
2024-06-05 05:59:22,168 [DEBUG] [ecommerce-app] - Applying tax rules for order O951292
2024-05-18 23:39:12,179 [ERROR] [ecommerce-app] - Shipping address validation failed for user U8998
2024-06-20 11:32:57,177 [INFO] [ecommerce-app] - User U1891 logged in successfully
2024-06-15 23:57:14,516 [INFO] [ecommerce-app] - Payment processed successfully for order O316431
2024-05-15 02:29:32,921 [DEBUG] [ecommerce-app] - Generating order O851701 confirmation email
2024-05-19 07:33:07,597 [ERROR] [ecommerce-app] - User authentication failed for user U8015
2024-06-02 16:58:04,550 [ERROR] [ecommerce-app] - Payment gateway timeout for order O286328
2024-05-02 08:29:26,541 [DEBUG] [ecommerce-app] - Applying tax rules for order O202555
2024-06-15 01:11:25,857 [INFO] [ecommerce-app] - Shipment created for order O906271
2024-06-07 12:42:13,407 [ERROR] [ecommerce-app] - Shipping address validation failed for user U3203
2024-06-27 00:31:11,731 [INFO] [ecommerce-app] - Order O280169 placed successfully by user U4657
2024-05-23 11:44:38,094 [INFO] [ecommerce-app] - Payment processed successfully for order O211805
2024-05-02 00:31:24,838 [ERROR] [ecommerce-app] - Failed to send confirmation email for order O219225
2024-06-18 02:48:57,443 [ERROR] [ecommerce-app] - Shipping address validation failed for user U7826
2024-06-21 08:14:17,336 [INFO] [ecommerce-app] - Product P29457 added to cart by user U3441
2024-06-12 10:03:11,953 [DEBUG] [ecommerce-app] - Session S911198 refreshed
2024-05-26 07:54:10,788 [INFO] [ecommerce-app] - Discount coupon FREESHIP applied by user U4898
2024-05-18 14:58:39,151 [DEBUG] [ecommerce-app] - Fetching product P26527 details from database
2024-05-31 22:12:37,007 [ERROR] [ecommerce-app] - User authentication failed for user U3878
2024-06-04 05:57:36,773 [INFO] [ecommerce-app] - Shipment created for order O361880
2024-06-20 05:22:30,883 [ERROR] [ecommerce-app] - Failed to send confirmation email for order O627841
2024-05-16 15:48:26,140 [DEBUG] [ecommerce-app] - Checking inventory availability for product P53826
2024-06-06 05:56:39,220 [INFO] [ecommerce-app] - User U4784 logged in successfully
2024-05-14 18:41:49,594 [DEBUG] [ecommerce-app] - Applying tax rules for order O321123
2024-05-02 01:23:31,101 [ERROR] [ecommerce-app] - User authentication failed for user U9670
2024-06-08 14:39:36,016 [ERROR] [ecommerce-app] - Inventory mismatch error for product P58509
2024-06-14 23:45:57,863 [DEBUG] [ecommerce-app] - Session S791252 refreshed
2024-05-26 17:14:57,816 [ERROR] [ecommerce-app] - Refund process failed for order O156990
2024-05-30 20:23:34,127 [INFO] [ecommerce-app] - User U8212 updated profile information
2024-05-13 14:28:59,923 [DEBUG] [ecommerce-app] - Calculating shipping cost for order O170402
2024-05-30 16:21:12,714 [INFO] [ecommerce-app] - Order O376267 placed successfully by user U3661
2024-05-06 06:11:07,229 [DEBUG] [ecommerce-app] - Building recommendation list for user U2234
2024-06-24 06:30:42,442 [ERROR] [ecommerce-app] - Order O980599 placement failed for user U7724
2024-06-02 09:00:23,327 [DEBUG] [ecommerce-app] - Fetching product P73592 details from database
2024-06-23 21:31:30,529 [INFO] [ecommerce-app] - Wishlist updated by user U1898
2024-05-12 02:35:53,825 [DEBUG] [ecommerce-app] - Cache miss for user session S319676
2024-05-27 11:13:01,479 [ERROR] [ecommerce-app] - Refund process failed for order O572569
2024-06-25 19:12:45,924 [DEBUG] [ecommerce-app] - Applying tax rules for order O432237
2024-06-29 14:41:38,166 [ERROR] [ecommerce-app] - Payment gateway timeout for order O922669
2024-06-04 03:33:45,104 [INFO] [ecommerce-app] - Wishlist updated by user U8331
2024-06-08 02:09:43,011 [ERROR] [ecommerce-app] - Critical error: Unable to update inventory for product P77425
2024-05-21 18:50:19,685 [ERROR] [ecommerce-app] - User authentication failed for user U4715
2024-05-01 14:14:38,151 [INFO] [ecommerce-app] - Order O504883 placed successfully by user U6869
2024-06-26 04:27:55,482 [DEBUG] [ecommerce-app] - Validating shipping address for user U4216
2024-05-26 03:05:50,451 [INFO] [ecommerce-app] - User U7495 logged out
2024-05-13 21:33:40,122 [DEBUG] [ecommerce-app] - Session S291913 refreshed
2024-05-01 22:54:19,931 [ERROR] [ecommerce-app] - Failed to send confirmation email for order O254869
2024-05-26 23:13:28,151 [DEBUG] [ecommerce-app] - Session S194130 refreshed
2024-05-12 15:54:17,905 [DEBUG] [ecommerce-app] - Retrying payment gateway connection for order O487505
2024-05-14 07:00:41,051 [INFO] [ecommerce-app] - Wishlist updated by user U1842
2024-05-03 01:22:41,457 [ERROR] [ecommerce-app] - Failed to send confirmation email for order O159604
2024-06-17 01:36:14,280 [DEBUG] [ecommerce-app] - Calculating shipping cost for order O607780
2024-06-18 21:42:57,825 [INFO] [ecommerce-app] - User U4916 logged in successfully
2024-06-12 01:21:37,944 [DEBUG] [ecommerce-app] - Applying tax rules for order O125735
2024-05-12 14:21:59,987 [ERROR] [ecommerce-app] - Coupon code DISCOUNT20 invalid for user U3094
2024-06-25 02:52:13,974 [INFO] [ecommerce-app] - Wishlist updated by user U5009
2024-06-24 22:17:54,322 [INFO] [ecommerce-app] - User U5589 logged in successfully
2024-06-14 07:35:07,805 [INFO] [ecommerce-app] - User U6788 logged out
2024-05-23 12:28:40,423 [DEBUG] [ecommerce-app] - Fetching product P12960 details from database
2024-06-23 13:15:43,299 [DEBUG] [ecommerce-app] - Generating order O720582 confirmation email
2024-06-08 02:26:20,755 [ERROR] [ecommerce-app] - Shipping address validation failed for user U8859
2024-05-06 16:43:17,371 [INFO] [ecommerce-app] - Shipment created for order O121648
2024-05-07 03:52:33,395 [DEBUG] [ecommerce-app] - Validating shipping address for user U5784
2024-05-21 03:04:56,063 [DEBUG] [ecommerce-app] - Checking inventory availability for product P38893
2024-05-17 07:39:03,106 [DEBUG] [ecommerce-app] - Cache miss for user session S139296
2024-05-14 20:43:38,451 [DEBUG] [ecommerce-app] - Validating shipping address for user U2132
2024-06-14 19:53:53,560 [DEBUG] [ecommerce-app] - Retrying payment gateway connection for order O793107
2024-06-13 17:21:35,089 [ERROR] [ecommerce-app] - User authentication failed for user U3016
2024-05-17 17:29:11,743 [DEBUG] [ecommerce-app] - Retrying payment gateway connection for order O888800
2024-06-26 22:48:13,516 [DEBUG] [ecommerce-app] - Retrying payment gateway connection for order O852246
2024-05-11 21:21:31,356 [DEBUG] [ecommerce-app] - Checking inventory availability for product P65470
2024-06-10 06:45:08,619 [DEBUG] [ecommerce-app] - Fetching product P40906 details from database
2024-05-30 04:16:18,462 [ERROR] [ecommerce-app] - Failed to send confirmation email for order O635620
2024-06-20 22:42:10,048 [DEBUG] [ecommerce-app] - Applying tax rules for order O151945
2024-05-15 00:10:41,250 [INFO] [ecommerce-app] - Discount coupon DISCOUNT20 applied by user U7781
2024-06-04 02:51:11,652 [INFO] [ecommerce-app] - Shipment created for order O268387
2024-06-23 05:18:49,697 [INFO] [ecommerce-app] - Order O942223 placed successfully by user U8317
2024-05-16 14:36:07,969 [INFO] [ecommerce-app] - Order O634122 placed successfully by user U8305
2024-05-23 11:17:15,220 [DEBUG] [ecommerce-app] - Building recommendation list for user U4437
2024-05-14 23:52:22,667 [ERROR] [ecommerce-app] - Database connection failed while fetching product P58688
2024-06-14 11:25:26,448 [ERROR] [ecommerce-app] - Refund process failed for order O813191
2024-06-04 11:37:58,953 [DEBUG] [ecommerce-app] - Retrying payment gateway connection for order O861304
2024-05-16 10:36:43,271 [ERROR] [ecommerce-app] - Refund process failed for order O332059
2024-05-07 17:57:16,279 [ERROR] [ecommerce-app] - Refund process failed for order O190227
2024-05-06 18:59:26,609 [ERROR] [ecommerce-app] - Coupon code FREESHIP invalid for user U3151
2024-05-29 21:58:59,332 [INFO] [ecommerce-app] - Payment processed successfully for order O868674
2024-05-30 20:19:30,575 [DEBUG] [ecommerce-app] - Session S855969 refreshed
2024-06-11 17:51:54,601 [DEBUG] [ecommerce-app] - Generating order O270843 confirmation email
2024-06-26 03:33:29,388 [DEBUG] [ecommerce-app] - Validating shipping address for user U1706
2024-05-20 09:33:02,597 [DEBUG] [ecommerce-app] - Fetching product P98387 details from database
2024-05-17 05:28:39,799 [DEBUG] [ecommerce-app] - Validating shipping address for user U3999
2024-06-26 15:06:22,350 [ERROR] [ecommerce-app] - Critical error: Unable to update inventory for product P12800
2024-06-22 08:32:27,617 [INFO] [ecommerce-app] - User U5444 logged in successfully
2024-06-30 02:31:02,475 [ERROR] [ecommerce-app] - Coupon code SAVE10 invalid for user U4965
2024-06-22 19:21:59,676 [DEBUG] [ecommerce-app] - Session S628558 refreshed
2024-05-20 04:10:40,080 [ERROR] [ecommerce-app] - Payment gateway timeout for order O758645
2024-06-01 17:44:30,725 [DEBUG] [ecommerce-app] - Fetching product P55673 details from database
2024-05-12 23:51:15,046 [DEBUG] [ecommerce-app] - Checking inventory availability for product P98545
2024-05-16 21:54:18,650 [DEBUG] [ecommerce-app] - Applying tax rules for order O898271
2024-06-21 01:53:53,277 [DEBUG] [ecommerce-app] - Validating shipping address for user U1956
2024-05-28 10:45:17,335 [DEBUG] [ecommerce-app] - Session S343289 refreshed
2024-05-08 01:00:30,257 [DEBUG] [ecommerce-app] - Applying tax rules for order O778506
2024-05-21 11:12:19,047 [DEBUG] [ecommerce-app] - Applying tax rules for order O665900
2024-06-13 08:29:52,156 [INFO] [ecommerce-app] - User U9381 updated profile information
2024-06-05 07:22:16,754 [ERROR] [ecommerce-app] - Critical error: Unable to update inventory for product P15363
2024-06-11 02:05:00,352 [INFO] [ecommerce-app] - Wishlist updated by user U5780
2024-05-11 22:32:48,236 [INFO] [ecommerce-app] - Product P50190 added to cart by user U7303
2024-05-23 11:06:21,291 [ERROR] [ecommerce-app] - Failed to send confirmation email for order O366893
2024-05-02 00:06:54,469 [ERROR] [ecommerce-app] - Database connection failed while fetching product P85966
2024-05-11 13:31:48,529 [DEBUG] [ecommerce-app] - Validating shipping address for user U5110
2024-06-09 05:19:31,856 [DEBUG] [ecommerce-app] - Fetching product P67520 details from database
2024-06-01 14:46:08,852 [DEBUG] [ecommerce-app] - Building recommendation list for user U4976
2024-06-18 16:54:11,513 [INFO] [ecommerce-app] - User U5388 logged in successfully
2024-06-30 07:18:33,507 [INFO] [ecommerce-app] - Shipment created for order O189305
2024-06-24 05:13:32,430 [INFO] [ecommerce-app] - Wishlist updated by user U6472
2024-05-04 19:47:36,662 [INFO] [ecommerce-app] - Wishlist updated by user U9044
2024-06-28 23:48:18,149 [INFO] [ecommerce-app] - Discount coupon FREESHIP applied by user U7022
2024-05-06 20:25:08,447 [INFO] [ecommerce-app] - Discount coupon WELCOME5 applied by user U1065
2024-06-18 08:53:14,857 [ERROR] [ecommerce-app] - Failed to send confirmation email for order O765756
2024-05-08 02:57:38,014 [INFO] [ecommerce-app] - Inventory updated for product P39874
2024-06-20 07:04:29,622 [ERROR] [ecommerce-app] - Order O403714 placement failed for user U4329
2024-06-11 05:19:10,842 [ERROR] [ecommerce-app] - Order O683337 placement failed for user U1697
2024-05-02 17:53:17,284 [DEBUG] [ecommerce-app] - Building recommendation list for user U8774
2024-06-19 20:00:12,207 [INFO] [ecommerce-app] - Shipment created for order O934313
2024-05-13 01:52:02,973 [ERROR] [ecommerce-app] - User authentication failed for user U9396
2024-06-11 03:49:47,512 [ERROR] [ecommerce-app] - Payment gateway timeout for order O245207
2024-06-15 03:31:56,339 [DEBUG] [ecommerce-app] - Building recommendation list for user U5138
2024-06-02 10:22:43,097 [INFO] [ecommerce-app] - User U8334 updated profile information
2024-06-23 12:33:22,382 [INFO] [ecommerce-app] - User U4718 logged in successfully
2024-05-15 10:59:39,466 [DEBUG] [ecommerce-app] - Checking inventory availability for product P51691
2024-06-26 11:35:07,656 [DEBUG] [ecommerce-app] - Validating shipping address for user U4115
2024-05-18 06:03:31,726 [ERROR] [ecommerce-app] - Inventory mismatch error for product P30473
2024-06-18 03:29:07,203 [DEBUG] [ecommerce-app] - Calculating shipping cost for order O974546
2024-06-29 07:16:43,805 [DEBUG] [ecommerce-app] - Retrying payment gateway connection for order O284451
2024-06-22 17:35:44,478 [ERROR] [ecommerce-app] - Order O882870 placement failed for user U7678
2024-06-25 07:02:30,978 [ERROR] [ecommerce-app] - User authentication failed for user U1118
2024-05-15 15:27:44,780 [DEBUG] [ecommerce-app] - Retrying payment gateway connection for order O390385
2024-05-21 00:09:43,722 [ERROR] [ecommerce-app] - Database connection failed while fetching product P55870
2024-05-28 21:55:18,082 [ERROR] [ecommerce-app] - Database connection failed while fetching product P15592
2024-05-28 19:24:26,121 [DEBUG] [ecommerce-app] - Fetching product P57708 details from database
2024-05-19 12:40:42,726 [INFO] [ecommerce-app] - Discount coupon DISCOUNT20 applied by user U4099
2024-06-15 04:38:29,755 [DEBUG] [ecommerce-app] - Building recommendation list for user U7962
2024-05-13 09:10:31,693 [INFO] [ecommerce-app] - Inventory updated for product P60162
2024-05-21 05:44:23,717 [INFO] [ecommerce-app] - Wishlist updated by user U9546
2024-06-14 10:49:48,993 [DEBUG] [ecommerce-app] - Applying tax rules for order O752096
2024-06-07 23:00:29,384 [ERROR] [ecommerce-app] - Refund process failed for order O975351
2024-05-04 09:13:52,185 [ERROR] [ecommerce-app] - Inventory mismatch error for product P51015
2024-06-22 01:09:53,322 [INFO] [ecommerce-app] - Payment processed successfully for order O168233
2024-05-14 15:52:25,028 [DEBUG] [ecommerce-app] - Cache miss for user session S510916
2024-05-31 18:44:57,525 [DEBUG] [ecommerce-app] - Fetching product P75012 details from database
2024-05-12 23:56:17,823 [ERROR] [ecommerce-app] - Shipping address validation failed for user U5372
2024-06-09 00:24:56,015 [DEBUG] [ecommerce-app] - Applying tax rules for order O311429
2024-05-24 13:34:20,239 [ERROR] [ecommerce-app] - Refund process failed for order O465281
2024-06-01 11:32:18,324 [DEBUG] [ecommerce-app] - Building recommendation list for user U1413
2024-06-25 05:29:06,730 [DEBUG] [ecommerce-app] - Building recommendation list for user U3257
2024-06-13 12:53:27,936 [DEBUG] [ecommerce-app] - Calculating shipping cost for order O744041
2024-06-14 13:13:38,782 [ERROR] [ecommerce-app] - Critical error: Unable to update inventory for product P64278
2024-06-03 12:38:06,396 [DEBUG] [ecommerce-app] - Session S869472 refreshed
2024-05-06 10:17:14,186 [DEBUG] [ecommerce-app] - Validating shipping address for user U4198
2024-06-17 18:53:35,470 [ERROR] [ecommerce-app] - Inventory mismatch error for product P75252
2024-05-12 11:28:51,779 [INFO] [ecommerce-app] - Discount coupon FREESHIP applied by user U7963
2024-05-01 03:59:41,430 [DEBUG] [ecommerce-app] - Applying tax rules for order O249764
2024-06-08 12:00:06,820 [DEBUG] [ecommerce-app] - Calculating shipping cost for order O884165
2024-06-30 21:35:00,890 [DEBUG] [ecommerce-app] - Applying tax rules for order O292209
2024-06-02 17:35:44,416 [ERROR] [ecommerce-app] - Coupon code SAVE10 invalid for user U3169
2024-06-30 13:10:16,932 [DEBUG] [ecommerce-app] - Validating shipping address for user U8212
2024-05-07 05:54:01,662 [INFO] [ecommerce-app] - Inventory updated for product P55907
2024-05-24 00:06:54,223 [INFO] [ecommerce-app] - Discount coupon FREESHIP applied by user U8849
2024-05-28 22:56:52,087 [INFO] [ecommerce-app] - Product P55368 added to cart by user U9567
2024-06-21 00:19:02,657 [DEBUG] [ecommerce-app] - Building recommendation list for user U2458
2024-06-25 17:07:41,755 [ERROR] [ecommerce-app] - Critical error: Unable to update inventory for product P29814
2024-06-23 08:49:38,419 [ERROR] [ecommerce-app] - Coupon code FREESHIP invalid for user U6860
2024-05-06 07:56:00,473 [INFO] [ecommerce-app] - User U3121 updated profile information
2024-06-14 16:44:02,011 [INFO] [ecommerce-app] - User U9371 logged out
2024-05-03 08:30:06,428 [INFO] [ecommerce-app] - User U7769 updated profile information
2024-05-27 13:37:54,171 [ERROR] [ecommerce-app] - Order O416733 placement failed for user U6986
2024-05-09 03:25:54,955 [ERROR] [ecommerce-app] - Payment gateway timeout for order O280530
2024-06-22 05:20:53,713 [DEBUG] [ecommerce-app] - Applying tax rules for order O572410
2024-05-02 12:34:29,810 [INFO] [ecommerce-app] - Shipment created for order O360378
2024-05-22 16:36:01,959 [INFO] [ecommerce-app] - User U2029 logged in successfully
2024-05-03 15:19:08,106 [ERROR] [ecommerce-app] - Coupon code DISCOUNT20 invalid for user U1722
2024-05-30 21:49:55,285 [ERROR] [ecommerce-app] - Inventory mismatch error for product P92597
2024-05-28 21:34:33,169 [INFO] [ecommerce-app] - Payment processed successfully for order O646628
2024-05-17 02:24:22,658 [ERROR] [ecommerce-app] - Failed to send confirmation email for order O203768
2024-05-23 09:34:25,298 [ERROR] [ecommerce-app] - Failed to send confirmation email for order O888944
2024-06-08 00:47:43,088 [DEBUG] [ecommerce-app] - Generating order O330924 confirmation email
2024-06-11 09:20:57,028 [DEBUG] [ecommerce-app] - Calculating shipping cost for order O815827
2024-06-29 06:54:09,432 [INFO] [ecommerce-app] - Payment processed successfully for order O870200
2024-05-03 04:08:06,882 [INFO] [ecommerce-app] - User U5582 logged out
2024-06-07 22:35:47,324 [INFO] [ecommerce-app] - Discount coupon WELCOME5 applied by user U9283
2024-06-11 16:45:28,419 [ERROR] [ecommerce-app] - Order O162559 placement failed for user U4682
2024-06-08 12:58:27,451 [INFO] [ecommerce-app] - Product P34593 added to cart by user U8070
2024-06-23 07:54:26,679 [INFO] [ecommerce-app] - User U7932 logged in successfully
2024-05-07 22:07:21,538 [INFO] [ecommerce-app] - Discount coupon FREESHIP applied by user U4473
2024-06-03 08:04:01,554 [DEBUG] [ecommerce-app] - Checking inventory availability for product P23382
2024-06-28 17:03:05,187 [ERROR] [ecommerce-app] - Shipping address validation failed for user U9328
2024-06-24 03:15:36,056 [ERROR] [ecommerce-app] - Database connection failed while fetching product P18772
2024-05-19 18:32:52,174 [DEBUG] [ecommerce-app] - Building recommendation list for user U3313
2024-05-01 02:35:02,476 [INFO] [ecommerce-app] - Product P17271 added to cart by user U1386
2024-05-03 16:37:20,947 [DEBUG] [ecommerce-app] - Fetching product P56149 details from database
2024-06-27 15:43:43,892 [ERROR] [ecommerce-app] - Critical error: Unable to update inventory for product P45519
2024-06-07 00:45:33,268 [INFO] [ecommerce-app] - User U2385 logged in successfully
2024-06-08 01:37:36,980 [INFO] [ecommerce-app] - Inventory updated for product P76030
2024-06-15 14:18:54,395 [ERROR] [ecommerce-app] - Database connection failed while fetching product P69724
2024-06-03 03:06:13,723 [ERROR] [ecommerce-app] - Refund process failed for order O489958
2024-06-06 10:31:16,944 [INFO] [ecommerce-app] - Order O284788 placed successfully by user U1396
2024-05-15 07:58:44,819 [DEBUG] [ecommerce-app] - Session S894818 refreshed
2024-05-17 16:19:03,542 [INFO] [ecommerce-app] - Product P12868 added to cart by user U2927
2024-06-20 18:31:27,876 [DEBUG] [ecommerce-app] - Fetching product P34272 details from database
2024-05-28 11:59:54,298 [INFO] [ecommerce-app] - Discount coupon DISCOUNT20 applied by user U6159
2024-06-21 13:30:04,983 [INFO] [ecommerce-app] - Inventory updated for product P18442
2024-06-12 07:03:21,032 [INFO] [ecommerce-app] - Payment processed successfully for order O773494
2024-05-30 13:55:20,405 [DEBUG] [ecommerce-app] - Building recommendation list for user U8835
2024-05-24 09:33:12,283 [INFO] [ecommerce-app] - Product P26058 added to cart by user U1449
2024-05-05 22:15:37,832 [INFO] [ecommerce-app] - Order O330613 placed successfully by user U2149
2024-05-05 23:02:00,966 [ERROR] [ecommerce-app] - Critical error: Unable to update inventory for product P64469
2024-06-30 08:10:19,575 [INFO] [ecommerce-app] - Discount coupon FREESHIP applied by user U3745
2024-05-26 12:05:41,698 [DEBUG] [ecommerce-app] - Checking inventory availability for product P46420
2024-05-01 17:04:09,554 [INFO] [ecommerce-app] - Discount coupon WELCOME5 applied by user U6265
2024-05-07 11:15:38,615 [ERROR] [ecommerce-app] - Order O486921 placement failed for user U5166
2024-06-06 00:40:17,490 [INFO] [ecommerce-app] - Order O225605 placed successfully by user U9320
2024-05-18 21:22:46,920 [INFO] [ecommerce-app] - Wishlist updated by user U6378
2024-05-06 14:44:20,778 [DEBUG] [ecommerce-app] - Validating shipping address for user U2699
2024-05-20 05:11:19,433 [ERROR] [ecommerce-app] - Payment gateway timeout for order O544661
2024-06-16 13:40:34,820 [DEBUG] [ecommerce-app] - Generating order O412592 confirmation email
2024-05-10 17:10:25,381 [DEBUG] [ecommerce-app] - Calculating shipping cost for order O685416
2024-06-18 10:50:03,397 [INFO] [ecommerce-app] - Discount coupon WELCOME5 applied by user U7968
2024-06-26 18:11:45,356 [DEBUG] [ecommerce-app] - Session S590395 refreshed
2024-05-07 10:19:51,187 [ERROR] [ecommerce-app] - Refund process failed for order O565932
2024-06-22 04:51:07,860 [INFO] [ecommerce-app] - User U6716 updated profile information
2024-05-20 16:31:26,133 [DEBUG] [ecommerce-app] - Retrying payment gateway connection for order O852808
2024-05-26 17:48:31,846 [ERROR] [ecommerce-app] - Shipping address validation failed for user U2567
2024-06-16 03:16:32,864 [DEBUG] [ecommerce-app] - Validating shipping address for user U8914
2024-05-29 02:53:18,660 [ERROR] [ecommerce-app] - Database connection failed while fetching product P11170
2024-05-17 14:47:01,560 [ERROR] [ecommerce-app] - User authentication failed for user U7753
2024-05-22 23:50:47,617 [INFO] [ecommerce-app] - Order O454549 placed successfully by user U6442
2024-05-16 02:34:37,692 [INFO] [ecommerce-app] - Shipment created for order O955542
2024-05-03 23:11:37,804 [DEBUG] [ecommerce-app] - Checking inventory availability for product P54370
2024-05-13 06:40:32,367 [INFO] [ecommerce-app] - Inventory updated for product P20168
2024-05-14 19:00:52,050 [ERROR] [ecommerce-app] - User authentication failed for user U1262
2024-05-14 06:55:55,462 [DEBUG] [ecommerce-app] - Fetching product P14583 details from database
2024-06-30 06:05:53,095 [DEBUG] [ecommerce-app] - Retrying payment gateway connection for order O971065
2024-05-31 18:46:50,592 [DEBUG] [ecommerce-app] - Checking inventory availability for product P57916
2024-06-29 15:32:09,018 [DEBUG] [ecommerce-app] - Validating shipping address for user U5807
2024-06-25 16:44:49,711 [DEBUG] [ecommerce-app] - Session S834157 refreshed
2024-06-03 14:12:56,398 [INFO] [ecommerce-app] - User U6487 updated profile information
2024-05-19 10:45:31,584 [INFO] [ecommerce-app] - Product P67482 added to cart by user U9929
2024-06-12 10:34:27,179 [INFO] [ecommerce-app] - Payment processed successfully for order O109574
2024-05-03 03:05:26,461 [INFO] [ecommerce-app] - User U2351 updated profile information
2024-06-23 11:14:59,334 [INFO] [ecommerce-app] - User U4592 logged in successfully
2024-06-30 15:22:31,527 [ERROR] [ecommerce-app] - Coupon code DISCOUNT20 invalid for user U6406
2024-06-22 19:51:14,045 [ERROR] [ecommerce-app] - Inventory mismatch error for product P43757
2024-06-12 00:05:56,753 [INFO] [ecommerce-app] - Order O447132 placed successfully by user U2661
2024-05-12 14:39:08,074 [ERROR] [ecommerce-app] - Failed to send confirmation email for order O411399
2024-06-22 03:59:02,440 [DEBUG] [ecommerce-app] - Fetching product P23785 details from database
2024-06-20 11:02:58,023 [INFO] [ecommerce-app] - Inventory updated for product P33991
2024-05-16 08:43:57,208 [INFO] [ecommerce-app] - Inventory updated for product P98653
2024-06-01 16:46:03,013 [DEBUG] [ecommerce-app] - Applying tax rules for order O559512
2024-06-10 12:02:14,927 [DEBUG] [ecommerce-app] - Validating shipping address for user U4812
2024-06-02 18:58:26,621 [INFO] [ecommerce-app] - User U3793 logged in successfully
2024-06-25 10:15:43,520 [ERROR] [ecommerce-app] - Failed to send confirmation email for order O751075
2024-06-18 13:28:35,057 [ERROR] [ecommerce-app] - Failed to send confirmation email for order O711202
2024-06-21 10:49:58,704 [ERROR] [ecommerce-app] - Coupon code SAVE10 invalid for user U7198
2024-05-19 08:35:06,348 [DEBUG] [ecommerce-app] - Applying tax rules for order O386119
2024-06-07 18:51:01,897 [DEBUG] [ecommerce-app] - Calculating shipping cost for order O777244
2024-05-23 09:59:22,193 [INFO] [ecommerce-app] - Payment processed successfully for order O118117
2024-05-11 16:42:12,038 [INFO] [ecommerce-app] - Order O811313 placed successfully by user U8287
2024-05-07 06:26:23,983 [INFO] [ecommerce-app] - Discount coupon DISCOUNT20 applied by user U9749
2024-05-19 08:06:32,960 [ERROR] [ecommerce-app] - Coupon code FREESHIP invalid for user U4599
2024-05-10 20:46:32,187 [INFO] [ecommerce-app] - Product P41275 added to cart by user U6993
2024-05-08 23:52:04,275 [DEBUG] [ecommerce-app] - Generating order O961352 confirmation email
2024-06-25 06:06:57,724 [DEBUG] [ecommerce-app] - Retrying payment gateway connection for order O207396
2024-05-25 11:46:30,414 [INFO] [ecommerce-app] - User U9598 logged in successfully
2024-06-21 14:45:03,175 [DEBUG] [ecommerce-app] - Calculating shipping cost for order O187327
2024-06-23 14:17:35,550 [DEBUG] [ecommerce-app] - Session S132415 refreshed
2024-06-27 14:24:11,862 [ERROR] [ecommerce-app] - Failed to send confirmation email for order O659110
2024-05-23 05:05:45,075 [ERROR] [ecommerce-app] - Refund process failed for order O760137
2024-05-04 11:25:52,214 [INFO] [ecommerce-app] - Order O654898 placed successfully by user U2607
2024-06-24 20:51:38,195 [DEBUG] [ecommerce-app] - Fetching product P89312 details from database
2024-05-02 02:49:56,380 [ERROR] [ecommerce-app] - Refund process failed for order O324209
2024-06-03 01:39:07,844 [INFO] [ecommerce-app] - Inventory updated for product P44215
2024-05-06 11:18:51,350 [ERROR] [ecommerce-app] - Database connection failed while fetching product P29309
2024-05-12 08:37:30,090 [ERROR] [ecommerce-app] - Refund process failed for order O764265
2024-06-20 23:03:02,616 [INFO] [ecommerce-app] - User U1252 updated profile information
2024-05-16 04:35:46,263 [ERROR] [ecommerce-app] - Inventory mismatch error for product P38001
2024-05-18 08:33:17,915 [DEBUG] [ecommerce-app] - Session S359040 refreshed
2024-06-17 00:50:31,419 [INFO] [ecommerce-app] - User U2006 logged in successfully
2024-06-21 01:43:43,110 [INFO] [ecommerce-app] - Inventory updated for product P61381
2024-05-14 12:02:02,777 [DEBUG] [ecommerce-app] - Validating shipping address for user U5125
2024-06-20 13:55:58,497 [INFO] [ecommerce-app] - Discount coupon DISCOUNT20 applied by user U6816
2024-06-18 17:22:32,683 [INFO] [ecommerce-app] - Product P19962 added to cart by user U2493
2024-05-11 04:46:33,898 [DEBUG] [ecommerce-app] - Checking inventory availability for product P22929
2024-05-17 04:33:23,584 [DEBUG] [ecommerce-app] - Checking inventory availability for product P78672
2024-05-09 22:42:59,831 [ERROR] [ecommerce-app] - Shipping address validation failed for user U5833
2024-05-15 04:30:17,844 [DEBUG] [ecommerce-app] - Retrying payment gateway connection for order O447808
2024-06-05 22:15:16,992 [DEBUG] [ecommerce-app] - Applying tax rules for order O576357
2024-05-19 00:51:53,377 [ERROR] [ecommerce-app] - User authentication failed for user U3915
2024-05-04 09:33:47,559 [DEBUG] [ecommerce-app] - Applying tax rules for order O475734
2024-05-03 10:23:13,402 [INFO] [ecommerce-app] - Inventory updated for product P62489
2024-05-19 05:41:55,136 [DEBUG] [ecommerce-app] - Fetching product P89512 details from database
2024-05-22 06:51:58,385 [DEBUG] [ecommerce-app] - Cache miss for user session S562466
2024-06-15 03:55:34,648 [DEBUG] [ecommerce-app] - Building recommendation list for user U5144
2024-06-30 03:30:04,111 [INFO] [ecommerce-app] - Payment processed successfully for order O867204
2024-06-01 04:19:58,552 [DEBUG] [ecommerce-app] - Validating shipping address for user U9039
2024-05-02 23:12:40,225 [DEBUG] [ecommerce-app] - Checking inventory availability for product P45870